Component: ARM Compiler 5.06 update 1 (build 61) Tool: armlink [4d35a8]

==============================================================================

Section Cross References

    startup_stm32f103xb.o(RESET) refers to startup_stm32f103xb.o(STACK) for __initial_sp
    startup_stm32f103xb.o(RESET) refers to startup_stm32f103xb.o(.text) for Reset_Handler
    startup_stm32f103xb.o(RESET) refers to stm32f1xx_it.o(i.SysTick_Handler) for SysTick_Handler
    startup_stm32f103xb.o(RESET) refers to stm32f1xx_it.o(i.USB_LP_CAN1_RX0_IRQHandler) for USB_LP_CAN1_RX0_IRQHandler
    startup_stm32f103xb.o(RESET) refers to stm32f1xx_it.o(i.USART1_IRQHandler) for USART1_IRQHandler
    startup_stm32f103xb.o(RESET) refers to stm32f1xx_it.o(i.USART3_IRQHandler) for USART3_IRQHandler
    startup_stm32f103xb.o(.text) refers to system_stm32f1xx.o(i.SystemInit) for SystemInit
    startup_stm32f103xb.o(.text) refers to entry.o(.ARM.Collect$$$$00000000) for __main
    main.o(i.HAL_UART_RxCpltCallback) refers to stm32f1xx_hal_uart.o(i.HAL_UART_Receive_IT) for HAL_UART_Receive_IT
    main.o(i.HAL_UART_RxCpltCallback) refers to usart.o(.bss) for huart3
    main.o(i.HAL_UART_RxCpltCallback) refers to main.o(.data) for rValue
    main.o(i.HAL_UART_RxCpltCallback) refers to main.o(.bss) for rBuffer
    main.o(i.SystemClock_Config) refers to stm32f1xx_hal_rcc.o(i.HAL_RCC_OscConfig) for HAL_RCC_OscConfig
    main.o(i.SystemClock_Config) refers to main.o(i._Error_Handler) for _Error_Handler
    main.o(i.SystemClock_Config) refers to stm32f1xx_hal_rcc.o(i.HAL_RCC_ClockConfig) for HAL_RCC_ClockConfig
    main.o(i.SystemClock_Config) refers to stm32f1xx_hal_rcc_ex.o(i.HAL_RCCEx_PeriphCLKConfig) for HAL_RCCEx_PeriphCLKConfig
    main.o(i.SystemClock_Config) refers to stm32f1xx_hal_rcc.o(i.HAL_RCC_GetHCLKFreq) for HAL_RCC_GetHCLKFreq
    main.o(i.SystemClock_Config) refers to stm32f1xx_hal_cortex.o(i.HAL_SYSTICK_Config) for HAL_SYSTICK_Config
    main.o(i.SystemClock_Config) refers to stm32f1xx_hal_cortex.o(i.HAL_SYSTICK_CLKSourceConfig) for HAL_SYSTICK_CLKSourceConfig
    main.o(i.SystemClock_Config) refers to stm32f1xx_hal_cortex.o(i.HAL_NVIC_SetPriority) for HAL_NVIC_SetPriority
    main.o(i.USB_Write) refers to main.o(i.getScancode) for getScancode
    main.o(i.USB_Write) refers to usbd_hid.o(i.USBD_HID_SendReport) for USBD_HID_SendReport
    main.o(i.USB_Write) refers to stm32f1xx_hal.o(i.HAL_Delay) for HAL_Delay
    main.o(i.USB_Write) refers to main.o(.data) for buff
    main.o(i.USB_Write) refers to usb_device.o(.bss) for hUsbDeviceFS
    main.o(i.count_files) refers to ff.o(i.f_opendir) for f_opendir
    main.o(i.count_files) refers to ff.o(i.f_readdir) for f_readdir
    main.o(i.count_files) refers to ff.o(i.f_closedir) for f_closedir
    main.o(i.count_files) refers to main.o(.bss) for lfn
    main.o(i.create_files_list) refers to printf8.o(i.__0printf$8) for __2printf
    main.o(i.create_files_list) refers to main.o(i.count_files) for count_files
    main.o(i.create_files_list) refers to ff.o(i.f_opendir) for f_opendir
    main.o(i.create_files_list) refers to strlen.o(.text) for strlen
    main.o(i.create_files_list) refers to ff.o(i.f_readdir) for f_readdir
    main.o(i.create_files_list) refers to ff.o(i.f_closedir) for f_closedir
    main.o(i.create_files_list) refers to main.o(.bss) for lfn
    main.o(i.fm_init) refers to ff.o(i.f_mount) for f_mount
    main.o(i.fm_init) refers to stm32f1xx_hal_gpio.o(i.HAL_GPIO_WritePin) for HAL_GPIO_WritePin
    main.o(i.fm_init) refers to printf8.o(i.__0printf$8) for __2printf
    main.o(i.fm_init) refers to main.o(.bss) for FatFs
    main.o(i.fm_init) refers to main.o(.data) for fm_inited
    main.o(i.main) refers to stm32f1xx_hal.o(i.HAL_Init) for HAL_Init
    main.o(i.main) refers to main.o(i.SystemClock_Config) for SystemClock_Config
    main.o(i.main) refers to gpio.o(i.MX_GPIO_Init) for MX_GPIO_Init
    main.o(i.main) refers to spi.o(i.MX_SPI1_Init) for MX_SPI1_Init
    main.o(i.main) refers to usart.o(i.MX_USART1_UART_Init) for MX_USART1_UART_Init
    main.o(i.main) refers to usart.o(i.MX_USART3_UART_Init) for MX_USART3_UART_Init
    main.o(i.main) refers to usb_device.o(i.MX_USB_DEVICE_Init) for MX_USB_DEVICE_Init
    main.o(i.main) refers to rtc.o(i.MX_RTC_Init) for MX_RTC_Init
    main.o(i.main) refers to stm32f1xx_hal_uart.o(i.HAL_UART_Receive_IT) for HAL_UART_Receive_IT
    main.o(i.main) refers to printf8.o(i.__0printf$8) for __2printf
    main.o(i.main) refers to strtof.o(i.strtof) for strtof
    main.o(i.main) refers to strstr.o(.text) for strstr
    main.o(i.main) refers to fmul.o(.text) for __aeabi_fmul
    main.o(i.main) refers to ffixui.o(.text) for __aeabi_f2uiz
    main.o(i.main) refers to main.o(i.USB_Write) for USB_Write
    main.o(i.main) refers to main.o(.data) for rValue
    main.o(i.main) refers to usart.o(.bss) for huart3
    main.o(i.main) refers to main.o(.bss) for rBuffer
[...]
    .ARM.Collect$$$$00000004                 0x080000f0   Section        4  entry5.o(.ARM.Collect$$$$00000004)
    .ARM.Collect$$$$00000008                 0x080000f4   Section        0  entry7b.o(.ARM.Collect$$$$00000008)
    .ARM.Collect$$$$0000000A                 0x080000f4   Section        0  entry8b.o(.ARM.Collect$$$$0000000A)
    .ARM.Collect$$$$0000000B                 0x080000f4   Section        8  entry9a.o(.ARM.Collect$$$$0000000B)
    .ARM.Collect$$$$0000000D                 0x080000fc   Section        0  entry10a.o(.ARM.Collect$$$$0000000D)
    .ARM.Collect$$$$0000000F                 0x080000fc   Section        0  entry11a.o(.ARM.Collect$$$$0000000F)
    .ARM.Collect$$$$00002712                 0x080000fc   Section        4  entry2.o(.ARM.Collect$$$$00002712)
    __lit__00000000                          0x080000fc   Data           4  entry2.o(.ARM.Collect$$$$00002712)
    .text                                    0x08000100   Section       36  startup_stm32f103xb.o(.text)
    .text                                    0x08000124   Section        0  llushr.o(.text)
    .text                                    0x08000144   Section        0  memcpya.o(.text)
    .text                                    0x08000168   Section        0  strstr.o(.text)
    .text                                    0x0800018c   Section        0  fmul.o(.text)
    .text                                    0x080001f0   Section        0  ffixui.o(.text)
    .text                                    0x08000218   Section        0  uldiv.o(.text)
    .text                                    0x0800027c   Section        0  strtod.o(.text)
    _local_sscanf                            0x0800027d   Thumb Code    54  strtod.o(.text)
    .text                                    0x08000318   Section        0  dmul.o(.text)
    .text                                    0x08000318   Section        0  iusefp.o(.text)
    .text                                    0x080003fc   Section        0  ddiv.o(.text)
    .text                                    0x080004da   Section        0  d2f.o(.text)
    .text                                    0x08000514   Section       36  init.o(.text)
    .text                                    0x08000538   Section        0  llshl.o(.text)
    .text                                    0x08000556   Section        0  isspace_c.o(.text)
    .text                                    0x08000560   Section        0  scanf_fp.o(.text)
    _fp_value                                0x08000561   Thumb Code   256  scanf_fp.o(.text)
    .text                                    0x08000898   Section        0  _sgetc.o(.text)
    .text                                    0x080008d8   Section        0  fepilogue.o(.text)
    .text                                    0x08000946   Section        0  depilogue.o(.text)
    .text                                    0x08000a00   Section        0  ctype_c.o(.text)
    .text                                    0x08000a28   Section        0  dfltul.o(.text)
    .text                                    0x08000a40   Section        0  __dczerorl2.o(.text)
    i.HAL_DMA_Abort_IT                       0x08000a98   Section        0  stm32f1xx_hal_dma.o(i.HAL_DMA_Abort_IT)
    i.HAL_Delay                              0x08000b48   Section        0  stm32f1xx_hal.o(i.HAL_Delay)
    i.HAL_GPIO_Init                          0x08000b70   Section        0  stm32f1xx_hal_gpio.o(i.HAL_GPIO_Init)
    i.HAL_GPIO_WritePin                      0x08000e8c   Section        0  stm32f1xx_hal_gpio.o(i.HAL_GPIO_WritePin)
    i.HAL_GetTick                            0x08000e98   Section        0  stm32f1xx_hal.o(i.HAL_GetTick)
    i.HAL_IncTick                            0x08000ea4   Section        0  stm32f1xx_hal.o(i.HAL_IncTick)
    i.HAL_Init                               0x08000ebc   Section        0  stm32f1xx_hal.o(i.HAL_Init)
    i.HAL_InitTick                           0x08000ee4   Section        0  stm32f1xx_hal.o(i.HAL_InitTick)
    i.HAL_MspInit                            0x08000f30   Section        0  stm32f1xx_hal_msp.o(i.HAL_MspInit)
    i.HAL_NVIC_EnableIRQ                     0x08000fbc   Section        0  stm32f1xx_hal_cortex.o(i.HAL_NVIC_EnableIRQ)
    i.HAL_NVIC_SetPriority                   0x08000fd6   Section        0  stm32f1xx_hal_cortex.o(i.HAL_NVIC_SetPriority)
    i.HAL_NVIC_SetPriorityGrouping           0x08001054   Section        0  stm32f1xx_hal_cortex.o(i.HAL_NVIC_SetPriorityGrouping)
    i.HAL_PCDEx_PMAConfig                    0x0800107c   Section        0  stm32f1xx_hal_pcd_ex.o(i.HAL_PCDEx_PMAConfig)
    i.HAL_PCDEx_SetConnectionState           0x080010ba   Section        0  usbd_conf.o(i.HAL_PCDEx_SetConnectionState)
    i.HAL_PCD_DataInStageCallback            0x080010bc   Section        0  usbd_conf.o(i.HAL_PCD_DataInStageCallback)
    i.HAL_PCD_DataOutStageCallback           0x080010d8   Section        0  usbd_conf.o(i.HAL_PCD_DataOutStageCallback)
    i.HAL_PCD_EP_Close                       0x080010f4   Section        0  stm32f1xx_hal_pcd.o(i.HAL_PCD_EP_Close)
    i.HAL_PCD_EP_ClrStall                    0x08001158   Section        0  stm32f1xx_hal_pcd.o(i.HAL_PCD_EP_ClrStall)
    i.HAL_PCD_EP_Open                        0x080011ba   Section        0  stm32f1xx_hal_pcd.o(i.HAL_PCD_EP_Open)
    i.HAL_PCD_EP_Receive                     0x08001230   Section        0  stm32f1xx_hal_pcd.o(i.HAL_PCD_EP_Receive)
    i.HAL_PCD_EP_SetStall                    0x0800127a   Section        0  stm32f1xx_hal_pcd.o(i.HAL_PCD_EP_SetStall)
    i.HAL_PCD_EP_Transmit                    0x080012ec   Section        0  stm32f1xx_hal_pcd.o(i.HAL_PCD_EP_Transmit)
    i.HAL_PCD_IRQHandler                     0x08001338   Section        0  stm32f1xx_hal_pcd.o(i.HAL_PCD_IRQHandler)
    i.HAL_PCD_Init                           0x080014a0   Section        0  stm32f1xx_hal_pcd.o(i.HAL_PCD_Init)
    i.HAL_PCD_MspInit                        0x080015bc   Section        0  usbd_conf.o(i.HAL_PCD_MspInit)
    i.HAL_PCD_ResetCallback                  0x08001600   Section        0  usbd_conf.o(i.HAL_PCD_ResetCallback)
    i.HAL_PCD_ResumeCallback                 0x0800162a   Section        0  usbd_conf.o(i.HAL_PCD_ResumeCallback)
    i.HAL_PCD_SOFCallback                    0x08001638   Section        0  usbd_conf.o(i.HAL_PCD_SOFCallback)
    i.HAL_PCD_SetAddress                     0x08001646   Section        0  stm32f1xx_hal_pcd.o(i.HAL_PCD_SetAddress)
    i.HAL_PCD_SetupStageCallback             0x0800167c   Section        0  usbd_conf.o(i.HAL_PCD_SetupStageCallback)
    i.HAL_PCD_Start                          0x0800168e   Section        0  stm32f1xx_hal_pcd.o(i.HAL_PCD_Start)
    i.HAL_PCD_SuspendCallback                0x080016cc   Section        0  usbd_conf.o(i.HAL_PCD_SuspendCallback)
    i.HAL_RCCEx_GetPeriphCLKFreq             0x080016f0   Section        0  stm32f1xx_hal_rcc_ex.o(i.HAL_RCCEx_GetPeriphCLKFreq)
    i.HAL_RCCEx_PeriphCLKConfig              0x08001810   Section        0  stm32f1xx_hal_rcc_ex.o(i.HAL_RCCEx_PeriphCLKConfig)
    i.HAL_RCC_ClockConfig                    0x08001940   Section        0  stm32f1xx_hal_rcc.o(i.HAL_RCC_ClockConfig)
    i.HAL_RCC_GetHCLKFreq                    0x08001ae4   Section        0  stm32f1xx_hal_rcc.o(i.HAL_RCC_GetHCLKFreq)
    i.HAL_RCC_GetPCLK1Freq                   0x08001af0   Section        0  stm32f1xx_hal_rcc.o(i.HAL_RCC_GetPCLK1Freq)
    i.HAL_RCC_GetPCLK2Freq                   0x08001b10   Section        0  stm32f1xx_hal_rcc.o(i.HAL_RCC_GetPCLK2Freq)
    i.HAL_RCC_GetSysClockFreq                0x08001b30   Section        0  stm32f1xx_hal_rcc.o(i.HAL_RCC_GetSysClockFreq)
    i.HAL_RCC_OscConfig                      0x08001bc4   Section        0  stm32f1xx_hal_rcc.o(i.HAL_RCC_OscConfig)
    i.HAL_RTCEx_BKUPRead                     0x08002004   Section        0  stm32f1xx_hal_rtc_ex.o(i.HAL_RTCEx_BKUPRead)
    i.HAL_RTCEx_BKUPWrite                    0x0800201c   Section        0  stm32f1xx_hal_rtc_ex.o(i.HAL_RTCEx_BKUPWrite)
    i.HAL_RTC_Init                           0x08002034   Section        0  stm32f1xx_hal_rtc.o(i.HAL_RTC_Init)
    i.HAL_RTC_MspInit                        0x08002104   Section        0  rtc.o(i.HAL_RTC_MspInit)
    i.HAL_RTC_SetDate                        0x0800211c   Section        0  stm32f1xx_hal_rtc.o(i.HAL_RTC_SetDate)
    i.HAL_RTC_SetTime                        0x08002214   Section        0  stm32f1xx_hal_rtc.o(i.HAL_RTC_SetTime)
    i.HAL_RTC_WaitForSynchro                 0x080022f0   Section        0  stm32f1xx_hal_rtc.o(i.HAL_RTC_WaitForSynchro)
    i.HAL_SPI_Init                           0x08002330   Section        0  stm32f1xx_hal_spi_ex.o(i.HAL_SPI_Init)
    i.HAL_SPI_MspInit                        0x080023b8   Section        0  spi.o(i.HAL_SPI_MspInit)
    i.HAL_SYSTICK_CLKSourceConfig            0x08002418   Section        0  stm32f1xx_hal_cortex.o(i.HAL_SYSTICK_CLKSourceConfig)
    i.HAL_SYSTICK_Callback                   0x08002440   Section        0  stm32f1xx_hal_cortex.o(i.HAL_SYSTICK_Callback)
    i.HAL_SYSTICK_Config                     0x08002442   Section        0  stm32f1xx_hal_cortex.o(i.HAL_SYSTICK_Config)
    i.HAL_SYSTICK_IRQHandler                 0x08002476   Section        0  stm32f1xx_hal_cortex.o(i.HAL_SYSTICK_IRQHandler)
    i.HAL_UART_ErrorCallback                 0x0800247e   Section        0  stm32f1xx_hal_uart.o(i.HAL_UART_ErrorCallback)
    i.HAL_UART_IRQHandler                    0x08002480   Section        0  stm32f1xx_hal_uart.o(i.HAL_UART_IRQHandler)
    i.HAL_UART_Init                          0x080025cc   Section        0  stm32f1xx_hal_uart.o(i.HAL_UART_Init)
    i.HAL_UART_MspInit                       0x08002640   Section        0  usart.o(i.HAL_UART_MspInit)
    i.HAL_UART_Receive_IT                    0x08002718   Section        0  stm32f1xx_hal_uart.o(i.HAL_UART_Receive_IT)
    i.HAL_UART_RxCpltCallback                0x08002788   Section        0  main.o(i.HAL_UART_RxCpltCallback)
    i.HAL_UART_Transmit                      0x080027e0   Section        0  stm32f1xx_hal_uart.o(i.HAL_UART_Transmit)
    i.HAL_UART_TxCpltCallback                0x080028b6   Section        0  stm32f1xx_hal_uart.o(i.HAL_UART_TxCpltCallback)
    i.MX_GPIO_Init                           0x080028b8   Section        0  gpio.o(i.MX_GPIO_Init)
    i.MX_RTC_Init                            0x08002978   Section        0  rtc.o(i.MX_RTC_Init)
    i.MX_SPI1_Init                           0x08002a20   Section        0  spi.o(i.MX_SPI1_Init)
    i.MX_USART1_UART_Init                    0x08002a78   Section        0  usart.o(i.MX_USART1_UART_Init)
    i.MX_USART3_UART_Init                    0x08002ac4   Section        0  usart.o(i.MX_USART3_UART_Init)
    i.MX_USB_DEVICE_Init                     0x08002b10   Section        0  usb_device.o(i.MX_USB_DEVICE_Init)
    i.NVIC_GetPriorityGrouping               0x08002b38   Section        0  stm32f1xx_hal_cortex.o(i.NVIC_GetPriorityGrouping)
    NVIC_GetPriorityGrouping                 0x08002b39   Thumb Code    10  stm32f1xx_hal_cortex.o(i.NVIC_GetPriorityGrouping)
    i.NVIC_SetPriority                       0x08002b48   Section        0  stm32f1xx_hal_cortex.o(i.NVIC_SetPriority)
    NVIC_SetPriority                         0x08002b49   Thumb Code    32  stm32f1xx_hal_cortex.o(i.NVIC_SetPriority)
    i.PCD_EP_ISR_Handler                     0x08002b70   Section        0  stm32f1xx_hal_pcd.o(i.PCD_EP_ISR_Handler)
    PCD_EP_ISR_Handler                       0x08002b71   Thumb Code  1092  stm32f1xx_hal_pcd.o(i.PCD_EP_ISR_Handler)
    i.RCC_Delay                              0x08002fb4   Section        0  stm32f1xx_hal_rcc.o(i.RCC_Delay)
    RCC_Delay                                0x08002fb5   Thumb Code    36  stm32f1xx_hal_rcc.o(i.RCC_Delay)
    i.RTC_Bcd2ToByte                         0x08002fdc   Section        0  stm32f1xx_hal_rtc.o(i.RTC_Bcd2ToByte)
    RTC_Bcd2ToByte                           0x08002fdd   Thumb Code    22  stm32f1xx_hal_rtc.o(i.RTC_Bcd2ToByte)
    i.RTC_EnterInitMode                      0x08002ff2   Section        0  stm32f1xx_hal_rtc.o(i.RTC_EnterInitMode)
    RTC_EnterInitMode                        0x08002ff3   Thumb Code    58  stm32f1xx_hal_rtc.o(i.RTC_EnterInitMode)
    i.RTC_ExitInitMode                       0x0800302c   Section        0  stm32f1xx_hal_rtc.o(i.RTC_ExitInitMode)
    RTC_ExitInitMode                         0x0800302d   Thumb Code    58  stm32f1xx_hal_rtc.o(i.RTC_ExitInitMode)
    i.RTC_ReadAlarmCounter                   0x08003066   Section        0  stm32f1xx_hal_rtc.o(i.RTC_ReadAlarmCounter)
    RTC_ReadAlarmCounter                     0x08003067   Thumb Code    24  stm32f1xx_hal_rtc.o(i.RTC_ReadAlarmCounter)
    i.RTC_ReadTimeCounter                    0x0800307e   Section        0  stm32f1xx_hal_rtc.o(i.RTC_ReadTimeCounter)
    RTC_ReadTimeCounter                      0x0800307f   Thumb Code    52  stm32f1xx_hal_rtc.o(i.RTC_ReadTimeCounter)
    i.RTC_WeekDayNum                         0x080030b2   Section        0  stm32f1xx_hal_rtc.o(i.RTC_WeekDayNum)
    RTC_WeekDayNum                           0x080030b3   Thumb Code   132  stm32f1xx_hal_rtc.o(i.RTC_WeekDayNum)
    i.RTC_WriteAlarmCounter                  0x08003136   Section        0  stm32f1xx_hal_rtc.o(i.RTC_WriteAlarmCounter)
    RTC_WriteAlarmCounter                    0x08003137   Thumb Code    46  stm32f1xx_hal_rtc.o(i.RTC_WriteAlarmCounter)
    i.RTC_WriteTimeCounter                   0x08003164   Section        0  stm32f1xx_hal_rtc.o(i.RTC_WriteTimeCounter)
    RTC_WriteTimeCounter                     0x08003165   Thumb Code    46  stm32f1xx_hal_rtc.o(i.RTC_WriteTimeCounter)
    i.SysTick_Handler                        0x08003192   Section        0  stm32f1xx_it.o(i.SysTick_Handler)
    i.SystemClock_Config                     0x080031a0   Section        0  main.o(i.SystemClock_Config)
    i.SystemInit                             0x08003258   Section        0  system_stm32f1xx.o(i.SystemInit)
    i.UART_DMAAbortOnError                   0x080032b0   Section        0  stm32f1xx_hal_uart.o(i.UART_DMAAbortOnError)
    UART_DMAAbortOnError                     0x080032b1   Thumb Code    20  stm32f1xx_hal_uart.o(i.UART_DMAAbortOnError)
    i.UART_EndRxTransfer                     0x080032c4   Section        0  stm32f1xx_hal_uart.o(i.UART_EndRxTransfer)
    UART_EndRxTransfer                       0x080032c5   Thumb Code    32  stm32f1xx_hal_uart.o(i.UART_EndRxTransfer)
    i.UART_EndTransmit_IT                    0x080032e4   Section        0  stm32f1xx_hal_uart.o(i.UART_EndTransmit_IT)
    UART_EndTransmit_IT                      0x080032e5   Thumb Code    32  stm32f1xx_hal_uart.o(i.UART_EndTransmit_IT)
    i.UART_Receive_IT                        0x08003304   Section        0  stm32f1xx_hal_uart.o(i.UART_Receive_IT)
    UART_Receive_IT                          0x08003305   Thumb Code   166  stm32f1xx_hal_uart.o(i.UART_Receive_IT)
    i.UART_SetConfig                         0x080033ac   Section        0  stm32f1xx_hal_uart.o(i.UART_SetConfig)
    UART_SetConfig                           0x080033ad   Thumb Code   450  stm32f1xx_hal_uart.o(i.UART_SetConfig)
    i.UART_Transmit_IT                       0x08003574   Section        0  stm32f1xx_hal_uart.o(i.UART_Transmit_IT)
    UART_Transmit_IT                         0x08003575   Thumb Code   104  stm32f1xx_hal_uart.o(i.UART_Transmit_IT)
    i.UART_WaitOnFlagUntilTimeout            0x080035dc   Section        0  stm32f1xx_hal_uart.o(i.UART_WaitOnFlagUntilTimeout)
    UART_WaitOnFlagUntilTimeout              0x080035dd   Thumb Code   108  stm32f1xx_hal_uart.o(i.UART_WaitOnFlagUntilTimeout)
    i.USART1_IRQHandler                      0x08003648   Section        0  stm32f1xx_it.o(i.USART1_IRQHandler)
    i.USART3_IRQHandler                      0x08003658   Section        0  stm32f1xx_it.o(i.USART3_IRQHandler)
    i.USBD_ClrClassConfig                    0x08003668   Section        0  usbd_core.o(i.USBD_ClrClassConfig)
    i.USBD_ClrFeature                        0x0800367e   Section        0  usbd_ctlreq.o(i.USBD_ClrFeature)
    USBD_ClrFeature                          0x0800367f   Thumb Code    68  usbd_ctlreq.o(i.USBD_ClrFeature)
    i.USBD_CtlContinueRx                     0x080036c2   Section        0  usbd_ioreq.o(i.USBD_CtlContinueRx)
    i.USBD_CtlContinueSendData               0x080036da   Section        0  usbd_ioreq.o(i.USBD_CtlContinueSendData)
    i.USBD_CtlError                          0x080036f2   Section        0  usbd_ctlreq.o(i.USBD_CtlError)
    i.USBD_CtlReceiveStatus                  0x0800370a   Section        0  usbd_ioreq.o(i.USBD_CtlReceiveStatus)
    i.USBD_CtlSendData                       0x08003724   Section        0  usbd_ioreq.o(i.USBD_CtlSendData)
    i.USBD_CtlSendStatus                     0x08003746   Section        0  usbd_ioreq.o(i.USBD_CtlSendStatus)
    i.USBD_FS_ConfigStrDescriptor            0x08003760   Section        0  usbd_desc.o(i.USBD_FS_ConfigStrDescriptor)
    i.USBD_FS_DeviceDescriptor               0x08003794   Section        0  usbd_desc.o(i.USBD_FS_DeviceDescriptor)
    i.USBD_FS_InterfaceStrDescriptor         0x080037a4   Section        0  usbd_desc.o(i.USBD_FS_InterfaceStrDescriptor)
    i.USBD_FS_LangIDStrDescriptor            0x080037dc   Section        0  usbd_desc.o(i.USBD_FS_LangIDStrDescriptor)
    i.USBD_FS_ManufacturerStrDescriptor      0x080037ec   Section        0  usbd_desc.o(i.USBD_FS_ManufacturerStrDescriptor)
    i.USBD_FS_ProductStrDescriptor           0x08003818   Section        0  usbd_desc.o(i.USBD_FS_ProductStrDescriptor)
    i.USBD_FS_SerialStrDescriptor            0x08003858   Section        0  usbd_desc.o(i.USBD_FS_SerialStrDescriptor)
    i.USBD_GetConfig                         0x08003890   Section        0  usbd_ctlreq.o(i.USBD_GetConfig)
    USBD_GetConfig                           0x08003891   Thumb Code    80  usbd_ctlreq.o(i.USBD_GetConfig)
    i.USBD_GetDescriptor                     0x080038e0   Section        0  usbd_ctlreq.o(i.USBD_GetDescriptor)
    USBD_GetDescriptor                       0x080038e1   Thumb Code   328  usbd_ctlreq.o(i.USBD_GetDescriptor)
    i.USBD_GetLen                            0x08003a28   Section        0  usbd_ctlreq.o(i.USBD_GetLen)
    USBD_GetLen                              0x08003a29   Thumb Code    20  usbd_ctlreq.o(i.USBD_GetLen)
    i.USBD_GetStatus                         0x08003a3c   Section        0  usbd_ctlreq.o(i.USBD_GetStatus)
    USBD_GetStatus                           0x08003a3d   Thumb Code    68  usbd_ctlreq.o(i.USBD_GetStatus)
    i.USBD_GetString                         0x08003a80   Section        0  usbd_ctlreq.o(i.USBD_GetString)
    i.USBD_HID_DataIn                        0x08003ad2   Section        0  usbd_hid.o(i.USBD_HID_DataIn)
    USBD_HID_DataIn                          0x08003ad3   Thumb Code    12  usbd_hid.o(i.USBD_HID_DataIn)
    i.USBD_HID_DeInit                        0x08003ade   Section        0  usbd_hid.o(i.USBD_HID_DeInit)
    USBD_HID_DeInit                          0x08003adf   Thumb Code    38  usbd_hid.o(i.USBD_HID_DeInit)
    i.USBD_HID_GetCfgDesc                    0x08003b04   Section        0  usbd_hid.o(i.USBD_HID_GetCfgDesc)
    USBD_HID_GetCfgDesc                      0x08003b05   Thumb Code    10  usbd_hid.o(i.USBD_HID_GetCfgDesc)
    i.USBD_HID_GetDeviceQualifierDesc        0x08003b14   Section        0  usbd_hid.o(i.USBD_HID_GetDeviceQualifierDesc)
    USBD_HID_GetDeviceQualifierDesc          0x08003b15   Thumb Code    10  usbd_hid.o(i.USBD_HID_GetDeviceQualifierDesc)
    i.USBD_HID_Init                          0x08003b24   Section        0  usbd_hid.o(i.USBD_HID_Init)
    USBD_HID_Init                            0x08003b25   Thumb Code    52  usbd_hid.o(i.USBD_HID_Init)
    i.USBD_HID_SendReport                    0x08003b58   Section        0  usbd_hid.o(i.USBD_HID_SendReport)
    i.USBD_HID_Setup                         0x08003b88   Section        0  usbd_hid.o(i.USBD_HID_Setup)
    USBD_HID_Setup                           0x08003b89   Thumb Code   216  usbd_hid.o(i.USBD_HID_Setup)
    i.USBD_Init                              0x08003c68   Section        0  usbd_core.o(i.USBD_Init)
    i.USBD_LL_ClearStallEP                   0x08003c9a   Section        0  usbd_conf.o(i.USBD_LL_ClearStallEP)
    i.USBD_LL_CloseEP                        0x08003cde   Section        0  usbd_conf.o(i.USBD_LL_CloseEP)
    i.USBD_LL_DataInStage                    0x08003d22   Section        0  usbd_core.o(i.USBD_LL_DataInStage)
    i.USBD_LL_DataOutStage                   0x08003dfc   Section        0  usbd_core.o(i.USBD_LL_DataOutStage)
    i.USBD_LL_Init                           0x08003e84   Section        0  usbd_conf.o(i.USBD_LL_Init)
    i.USBD_LL_IsStallEP                      0x08003f08   Section        0  usbd_conf.o(i.USBD_LL_IsStallEP)
    i.USBD_LL_OpenEP                         0x08003f38   Section        0  usbd_conf.o(i.USBD_LL_OpenEP)
    i.USBD_LL_PrepareReceive                 0x08003f9a   Section        0  usbd_conf.o(i.USBD_LL_PrepareReceive)
    i.USBD_LL_Reset                          0x08003ffc   Section        0  usbd_core.o(i.USBD_LL_Reset)
    i.USBD_LL_Resume                         0x08004040   Section        0  usbd_core.o(i.USBD_LL_Resume)
    i.USBD_LL_SOF                            0x0800404e   Section        0  usbd_core.o(i.USBD_LL_SOF)
    i.USBD_LL_SetSpeed                       0x08004070   Section        0  usbd_core.o(i.USBD_LL_SetSpeed)
    i.USBD_LL_SetUSBAddress                  0x08004078   Section        0  usbd_conf.o(i.USBD_LL_SetUSBAddress)
    i.USBD_LL_SetupStage                     0x080040bc   Section        0  usbd_core.o(i.USBD_LL_SetupStage)
    i.USBD_LL_StallEP                        0x0800412a   Section        0  usbd_conf.o(i.USBD_LL_StallEP)
    i.USBD_LL_Start                          0x0800416e   Section        0  usbd_conf.o(i.USBD_LL_Start)
    i.USBD_LL_Suspend                        0x080041aa   Section        0  usbd_core.o(i.USBD_LL_Suspend)
    i.USBD_LL_Transmit                       0x080041be   Section        0  usbd_conf.o(i.USBD_LL_Transmit)
    i.USBD_ParseSetupRequest                 0x08004220   Section        0  usbd_ctlreq.o(i.USBD_ParseSetupRequest)
    i.USBD_RegisterClass                     0x08004248   Section        0  usbd_core.o(i.USBD_RegisterClass)
    i.USBD_RunTestMode                       0x08004258   Section        0  usbd_core.o(i.USBD_RunTestMode)
    i.USBD_SetAddress                        0x0800425e   Section        0  usbd_ctlreq.o(i.USBD_SetAddress)
    USBD_SetAddress                          0x0800425f   Thumb Code    84  usbd_ctlreq.o(i.USBD_SetAddress)
    i.USBD_SetClassConfig                    0x080042b2   Section        0  usbd_core.o(i.USBD_SetClassConfig)
    i.USBD_SetConfig                         0x080042d4   Section        0  usbd_ctlreq.o(i.USBD_SetConfig)
    USBD_SetConfig                           0x080042d5   Thumb Code   218  usbd_ctlreq.o(i.USBD_SetConfig)
    i.USBD_SetFeature                        0x080043b4   Section        0  usbd_ctlreq.o(i.USBD_SetFeature)
    USBD_SetFeature                          0x080043b5   Thumb Code    36  usbd_ctlreq.o(i.USBD_SetFeature)
    i.USBD_Start                             0x080043d8   Section        0  usbd_core.o(i.USBD_Start)
    i.USBD_StdDevReq                         0x080043e6   Section        0  usbd_ctlreq.o(i.USBD_StdDevReq)
    i.USBD_StdEPReq                          0x08004458   Section        0  usbd_ctlreq.o(i.USBD_StdEPReq)
    i.USBD_StdItfReq                         0x080045ae   Section        0  usbd_ctlreq.o(i.USBD_StdItfReq)
    i.USBD_static_free                       0x080045f8   Section        0  usbd_conf.o(i.USBD_static_free)
    i.USBD_static_malloc                     0x080045fc   Section        0  usbd_conf.o(i.USBD_static_malloc)
    i.USB_ActivateEndpoint                   0x08004608   Section        0  stm32f1xx_ll_usb.o(i.USB_ActivateEndpoint)
    i.USB_CoreInit                           0x080049b2   Section        0  stm32f1xx_ll_usb.o(i.USB_CoreInit)
    i.USB_DeactivateEndpoint                 0x080049ba   Section        0  stm32f1xx_ll_usb.o(i.USB_DeactivateEndpoint)
    i.USB_DevConnect                         0x08004bce   Section        0  stm32f1xx_ll_usb.o(i.USB_DevConnect)
    i.USB_DevDisconnect                      0x08004bd4   Section        0  stm32f1xx_ll_usb.o(i.USB_DevDisconnect)
    i.USB_DevInit                            0x08004bda   Section        0  stm32f1xx_ll_usb.o(i.USB_DevInit)
    i.USB_DisableGlobalInt                   0x08004bf8   Section        0  stm32f1xx_ll_usb.o(i.USB_DisableGlobalInt)
    i.USB_EP0_OutStart                       0x08004c0e   Section        0  stm32f1xx_ll_usb.o(i.USB_EP0_OutStart)
    i.USB_EPClearStall                       0x08004c14   Section        0  stm32f1xx_ll_usb.o(i.USB_EPClearStall)
    i.USB_EPSetStall                         0x08004cc8   Section        0  stm32f1xx_ll_usb.o(i.USB_EPSetStall)
    i.USB_EPStartXfer                        0x08004d4e   Section        0  stm32f1xx_ll_usb.o(i.USB_EPStartXfer)
    i.USB_EnableGlobalInt                    0x08005080   Section        0  stm32f1xx_ll_usb.o(i.USB_EnableGlobalInt)
    i.USB_LP_CAN1_RX0_IRQHandler             0x08005098   Section        0  stm32f1xx_it.o(i.USB_LP_CAN1_RX0_IRQHandler)
    i.USB_ReadInterrupts                     0x080050a8   Section        0  stm32f1xx_ll_usb.o(i.USB_ReadInterrupts)
    i.USB_ReadPMA                            0x080050b2   Section        0  stm32f1xx_ll_usb.o(i.USB_ReadPMA)
    i.USB_SetCurrentMode                     0x080050da   Section        0  stm32f1xx_ll_usb.o(i.USB_SetCurrentMode)
    i.USB_SetDevAddress                      0x080050e0   Section        0  stm32f1xx_ll_usb.o(i.USB_SetDevAddress)
    i.USB_Write                              0x080050f0   Section        0  main.o(i.USB_Write)
    i.USB_WritePMA                           0x080051a4   Section        0  stm32f1xx_ll_usb.o(i.USB_WritePMA)
    i._Error_Handler                         0x080051e6   Section        0  main.o(i._Error_Handler)
    i.__0printf$8                            0x080051ec   Section        0  printf8.o(i.__0printf$8)
    i.__scatterload_copy                     0x0800520c   Section       14  handlers.o(i.__scatterload_copy)
    i.__scatterload_null                     0x0800521a   Section        2  handlers.o(i.__scatterload_null)
    i.__scatterload_zeroinit                 0x0800521c   Section       14  handlers.o(i.__scatterload_zeroinit)
    i._is_digit                              0x0800522a   Section        0  scanf_fp.o(i._is_digit)
    i._printf_core                           0x08005238   Section        0  printf8.o(i._printf_core)
    _printf_core                             0x08005239   Thumb Code   996  printf8.o(i._printf_core)
    i._printf_post_padding                   0x08005648   Section        0  printf8.o(i._printf_post_padding)
    _printf_post_padding                     0x08005649   Thumb Code    36  printf8.o(i._printf_post_padding)
    i._printf_pre_padding                    0x0800566c   Section        0  printf8.o(i._printf_pre_padding)
    _printf_pre_padding                      0x0800566d   Thumb Code    46  printf8.o(i._printf_pre_padding)
    i.fputc                                  0x0800569c   Section        0  printf.o(i.fputc)
    i.getScancode                            0x080056bc   Section        0  main.o(i.getScancode)
    i.main                                   0x080056fc   Section        0  main.o(i.main)
    i.strtof                                 0x080057bc   Section        0  strtof.o(i.strtof)
    .constdata                               0x080057de   Section       24  system_stm32f1xx.o(.constdata)
    .constdata                               0x080057f6   Section       64  ctype_c.o(.constdata)
    .data                                    0x20000000   Section       19  main.o(.data)
    .data                                    0x20000014   Section        8  printf.o(.data)
    .data                                    0x2000001c   Section       52  usbd_desc.o(.data)
    .data                                    0x20000050   Section        9  stm32f1xx_hal.o(.data)
    .data                                    0x2000005c   Section        4  system_stm32f1xx.o(.data)
    .data                                    0x20000060   Section        1  usbd_ctlreq.o(.data)
    cfgidx                                   0x20000060   Data           1  usbd_ctlreq.o(.data)
    .data                                    0x20000064   Section      303  usbd_hid.o(.data)
    USBD_HID_CfgDesc                         0x2000009c   Data          34  usbd_hid.o(.data)
    USBD_HID_Desc                            0x200000c0   Data           9  usbd_hid.o(.data)
    USBD_HID_DeviceQualifierDesc             0x200000cc   Data          10  usbd_hid.o(.data)
    HID_MOUSE_ReportDesc                     0x200000d8   Data         187  usbd_hid.o(.data)
    .bss                                     0x20000194   Section     1202  main.o(.bss)
    lfn                                      0x20000446   Data         256  main.o(.bss)
    lfn                                      0x20000546   Data         256  main.o(.bss)
    .bss                                     0x20000648   Section      128  usart.o(.bss)
    .bss                                     0x200006c8   Section       88  spi.o(.bss)
    .bss                                     0x20000720   Section      512  usbd_desc.o(.bss)
    .bss                                     0x20000920   Section     1140  usbd_conf.o(.bss)
    mem                                      0x20000d80   Data          20  usbd_conf.o(.bss)
    .bss                                     0x20000d94   Section       20  rtc.o(.bss)
    .bss                                     0x20000da8   Section      548  usb_device.o(.bss)
    STACK                                    0x20000fd0   Section      512  startup_stm32f103xb.o(STACK)

    Global Symbols

    Symbol Name                              Value     Ov Type        Size  Object(Section)

    BuildAttributes$$THM_ISAv4$P$D$K$B$S$PE$A:L22UL41UL21$X:L11$S22US41US21$IEEE1$IW$USESV6$~STKCKD$USESV7$~SHL$OTIME$ROPI$IEEEJ$EBA8$MICROLIB$REQ8$PRES8$EABIv2 0x00000000   Number         0  anon$$obj.o ABSOLUTE
    __ARM_use_no_argv                        0x00000000   Number         0  main.o ABSOLUTE
    __use_no_errno                           0x00000000   Number         0  useno.o ABSOLUTE
    __use_no_exception_handling              0x00000000   Number         0  useno.o ABSOLUTE
    __use_no_fp                              0x00000000   Number         0  useno.o ABSOLUTE
    __use_no_heap                            0x00000000   Number         0  useno.o ABSOLUTE
    __use_no_heap_region                     0x00000000   Number         0  useno.o ABSOLUTE
    __use_no_semihosting                     0x00000000   Number         0  useno.o ABSOLUTE
    __use_no_semihosting_swi                 0x00000000   Number         0  useno.o ABSOLUTE
    __use_no_signal_handling                 0x00000000   Number         0  useno.o ABSOLUTE
    _printf_a                                0x00000000   Number         0  stubs.o ABSOLUTE
    _printf_c                                0x00000000   Number         0  stubs.o ABSOLUTE
    _printf_charcount                        0x00000000   Number         0  stubs.o ABSOLUTE
    _printf_d                                0x00000000   Number         0  stubs.o ABSOLUTE
    _printf_e                                0x00000000   Number         0  stubs.o ABSOLUTE
    _printf_f                                0x00000000   Number         0  stubs.o ABSOLUTE
    _printf_flags                            0x00000000   Number         0  stubs.o ABSOLUTE
    _printf_fp_dec                           0x00000000   Number         0  stubs.o ABSOLUTE
    _printf_fp_hex                           0x00000000   Number         0  stubs.o ABSOLUTE
    _printf_g                                0x00000000   Number         0  stubs.o ABSOLUTE
    _printf_i                                0x00000000   Number         0  stubs.o ABSOLUTE
    _printf_int_dec                          0x00000000   Number         0  stubs.o ABSOLUTE
    _printf_l                                0x00000000   Number         0  stubs.o ABSOLUTE
    _printf_lc                               0x00000000   Number         0  stubs.o ABSOLUTE
    _printf_ll                               0x00000000   Number         0  stubs.o ABSOLUTE
    _printf_lld                              0x00000000   Number         0  stubs.o ABSOLUTE
    _printf_lli                              0x00000000   Number         0  stubs.o ABSOLUTE
    _printf_llo                              0x00000000   Number         0  stubs.o ABSOLUTE
    _printf_llu                              0x00000000   Number         0  stubs.o ABSOLUTE
    _printf_llx                              0x00000000   Number         0  stubs.o ABSOLUTE
    _printf_longlong_dec                     0x00000000   Number         0  stubs.o ABSOLUTE
    _printf_longlong_hex                     0x00000000   Number         0  stubs.o ABSOLUTE
    _printf_longlong_oct                     0x00000000   Number         0  stubs.o ABSOLUTE
    _printf_ls                               0x00000000   Number         0  stubs.o ABSOLUTE
    _printf_mbtowc                           0x00000000   Number         0  stubs.o ABSOLUTE
    _printf_n                                0x00000000   Number         0  stubs.o ABSOLUTE
    _printf_o                                0x00000000   Number         0  stubs.o ABSOLUTE
    _printf_p                                0x00000000   Number         0  stubs.o ABSOLUTE
    _printf_percent                          0x00000000   Number         0  stubs.o ABSOLUTE
    _printf_pre_padding                      0x00000000   Number         0  stubs.o ABSOLUTE
    _printf_return_value                     0x00000000   Number         0  stubs.o ABSOLUTE
    _printf_s                                0x00000000   Number         0  stubs.o ABSOLUTE
    _printf_sizespec                         0x00000000   Number         0  stubs.o ABSOLUTE
    _printf_str                              0x00000000   Number         0  stubs.o ABSOLUTE
    _printf_truncate_signed                  0x00000000   Number         0  stubs.o ABSOLUTE
    _printf_truncate_unsigned                0x00000000   Number         0  stubs.o ABSOLUTE
    _printf_u                                0x00000000   Number         0  stubs.o ABSOLUTE
    _printf_wc                               0x00000000   Number         0  stubs.o ABSOLUTE
    _printf_wctomb                           0x00000000   Number         0  stubs.o ABSOLUTE
    _printf_widthprec                        0x00000000   Number         0  stubs.o ABSOLUTE
    _printf_x                                0x00000000   Number         0  stubs.o ABSOLUTE
    __cpp_initialize__aeabi_                  - Undefined Weak Reference
    __cxa_finalize                            - Undefined Weak Reference
    _clock_init                               - Undefined Weak Reference
    _microlib_exit                            - Undefined Weak Reference
    __Vectors_Size                           0x000000ec   Number         0  startup_stm32f103xb.o ABSOLUTE
    __Vectors                                0x08000000   Data           4  startup_stm32f103xb.o(RESET)
    __Vectors_End                            0x080000ec   Data           0  startup_stm32f103xb.o(RESET)
    __main                                   0x080000ed   Thumb Code     0  entry.o(.ARM.Collect$$$$00000000)
    _main_stk                                0x080000ed   Thumb Code     0  entry2.o(.ARM.Collect$$$$00000001)
    _main_scatterload                        0x080000f1   Thumb Code     0  entry5.o(.ARM.Collect$$$$00000004)
    __main_after_scatterload                 0x080000f5   Thumb Code     0  entry5.o(.ARM.Collect$$$$00000004)
    _main_clock                              0x080000f5   Thumb Code     0  entry7b.o(.ARM.Collect$$$$00000008)
    _main_cpp_init                           0x080000f5   Thumb Code     0  entry8b.o(.ARM.Collect$$$$0000000A)
    _main_init                               0x080000f5   Thumb Code     0  entry9a.o(.ARM.Collect$$$$0000000B)
    __rt_final_cpp                           0x080000fd   Thumb Code     0  entry10a.o(.ARM.Collect$$$$0000000D)
    __rt_final_exit                          0x080000fd   Thumb Code     0  entry11a.o(.ARM.Collect$$$$0000000F)
    Reset_Handler                            0x08000101   Thumb Code     8  startup_stm32f103xb.o(.text)
    NMI_Handler                              0x08000109   Thumb Code     2  startup_stm32f103xb.o(.text)
    HardFault_Handler                        0x0800010b   Thumb Code     2  startup_stm32f103xb.o(.text)
    MemManage_Handler                        0x0800010d   Thumb Code     2  startup_stm32f103xb.o(.text)
    BusFault_Handler                         0x0800010f   Thumb Code     2  startup_stm32f103xb.o(.text)
    UsageFault_Handler                       0x08000111   Thumb Code     2  startup_stm32f103xb.o(.text)
    SVC_Handler                              0x08000113   Thumb Code     2  startup_stm32f103xb.o(.text)
    DebugMon_Handler                         0x08000115   Thumb Code     2  startup_stm32f103xb.o(.text)
    PendSV_Handler                           0x08000117   Thumb Code     2  startup_stm32f103xb.o(.text)
    ADC1_2_IRQHandler                        0x0800011b   Thumb Code     0  startup_stm32f103xb.o(.text)
    CAN1_RX1_IRQHandler                      0x0800011b   Thumb Code     0  startup_stm32f103xb.o(.text)
    CAN1_SCE_IRQHandler                      0x0800011b   Thumb Code     0  startup_stm32f103xb.o(.text)
    DMA1_Channel1_IRQHandler                 0x0800011b   Thumb Code     0  startup_stm32f103xb.o(.text)
    DMA1_Channel2_IRQHandler                 0x0800011b   Thumb Code     0  startup_stm32f103xb.o(.text)
    DMA1_Channel3_IRQHandler                 0x0800011b   Thumb Code     0  startup_stm32f103xb.o(.text)
    DMA1_Channel4_IRQHandler                 0x0800011b   Thumb Code     0  startup_stm32f103xb.o(.text)
    DMA1_Channel5_IRQHandler                 0x0800011b   Thumb Code     0  startup_stm32f103xb.o(.text)
    DMA1_Channel6_IRQHandler                 0x0800011b   Thumb Code     0  startup_stm32f103xb.o(.text)
    DMA1_Channel7_IRQHandler                 0x0800011b   Thumb Code     0  startup_stm32f103xb.o(.text)
    EXTI0_IRQHandler                         0x0800011b   Thumb Code     0  startup_stm32f103xb.o(.text)
    EXTI15_10_IRQHandler                     0x0800011b   Thumb Code     0  startup_stm32f103xb.o(.text)
    EXTI1_IRQHandler                         0x0800011b   Thumb Code     0  startup_stm32f103xb.o(.text)
    EXTI2_IRQHandler                         0x0800011b   Thumb Code     0  startup_stm32f103xb.o(.text)
    EXTI3_IRQHandler                         0x0800011b   Thumb Code     0  startup_stm32f103xb.o(.text)
    EXTI4_IRQHandler                         0x0800011b   Thumb Code     0  startup_stm32f103xb.o(.text)
    EXTI9_5_IRQHandler                       0x0800011b   Thumb Code     0  startup_stm32f103xb.o(.text)
    FLASH_IRQHandler                         0x0800011b   Thumb Code     0  startup_stm32f103xb.o(.text)
    I2C1_ER_IRQHandler                       0x0800011b   Thumb Code     0  startup_stm32f103xb.o(.text)
    I2C1_EV_IRQHandler                       0x0800011b   Thumb Code     0  startup_stm32f103xb.o(.text)
    I2C2_ER_IRQHandler                       0x0800011b   Thumb Code     0  startup_stm32f103xb.o(.text)
    I2C2_EV_IRQHandler                       0x0800011b   Thumb Code     0  startup_stm32f103xb.o(.text)
    PVD_IRQHandler                           0x0800011b   Thumb Code     0  startup_stm32f103xb.o(.text)
    RCC_IRQHandler                           0x0800011b   Thumb Code     0  startup_stm32f103xb.o(.text)
    RTC_Alarm_IRQHandler                     0x0800011b   Thumb Code     0  startup_stm32f103xb.o(.text)
    RTC_IRQHandler                           0x0800011b   Thumb Code     0  startup_stm32f103xb.o(.text)
    SPI1_IRQHandler                          0x0800011b   Thumb Code     0  startup_stm32f103xb.o(.text)
    SPI2_IRQHandler                          0x0800011b   Thumb Code     0  startup_stm32f103xb.o(.text)
    TAMPER_IRQHandler                        0x0800011b   Thumb Code     0  startup_stm32f103xb.o(.text)
    TIM1_BRK_IRQHandler                      0x0800011b   Thumb Code     0  startup_stm32f103xb.o(.text)
    TIM1_CC_IRQHandler                       0x0800011b   Thumb Code     0  startup_stm32f103xb.o(.text)
    TIM1_TRG_COM_IRQHandler                  0x0800011b   Thumb Code     0  startup_stm32f103xb.o(.text)
    TIM1_UP_IRQHandler                       0x0800011b   Thumb Code     0  startup_stm32f103xb.o(.text)
    TIM2_IRQHandler                          0x0800011b   Thumb Code     0  startup_stm32f103xb.o(.text)
    TIM3_IRQHandler                          0x0800011b   Thumb Code     0  startup_stm32f103xb.o(.text)
    TIM4_IRQHandler                          0x0800011b   Thumb Code     0  startup_stm32f103xb.o(.text)
    USART2_IRQHandler                        0x0800011b   Thumb Code     0  startup_stm32f103xb.o(.text)
    USBWakeUp_IRQHandler                     0x0800011b   Thumb Code     0  startup_stm32f103xb.o(.text)
    USB_HP_CAN1_TX_IRQHandler                0x0800011b   Thumb Code     0  startup_stm32f103xb.o(.text)
    WWDG_IRQHandler                          0x0800011b   Thumb Code     0  startup_stm32f103xb.o(.text)
    __aeabi_llsr                             0x08000125   Thumb Code    32  llushr.o(.text)
    _ll_ushift_r                             0x08000125   Thumb Code     0  llushr.o(.text)
    __aeabi_memcpy                           0x08000145   Thumb Code    36  memcpya.o(.text)
    __aeabi_memcpy4                          0x08000145   Thumb Code     0  memcpya.o(.text)
    __aeabi_memcpy8                          0x08000145   Thumb Code     0  memcpya.o(.text)
    strstr                                   0x08000169   Thumb Code    36  strstr.o(.text)
    __aeabi_fmul                             0x0800018d   Thumb Code   100  fmul.o(.text)
    __aeabi_f2uiz                            0x080001f1   Thumb Code    40  ffixui.o(.text)
    __aeabi_uldivmod                         0x08000219   Thumb Code    98  uldiv.o(.text)
    __strtod_int                             0x080002b3   Thumb Code    88  strtod.o(.text)
    __I$use$fp                               0x08000319   Thumb Code     0  iusefp.o(.text)
    __aeabi_dmul                             0x08000319   Thumb Code   228  dmul.o(.text)
    __aeabi_ddiv                             0x080003fd   Thumb Code   222  ddiv.o(.text)
    __aeabi_d2f                              0x080004db   Thumb Code    56  d2f.o(.text)
    __scatterload                            0x08000515   Thumb Code    28  init.o(.text)
    __scatterload_rt2                        0x08000515   Thumb Code     0  init.o(.text)
    __aeabi_llsl                             0x08000539   Thumb Code    30  llshl.o(.text)
    _ll_shift_l                              0x08000539   Thumb Code     0  llshl.o(.text)
    isspace                                  0x08000557   Thumb Code    10  isspace_c.o(.text)
    _scanf_real                              0x08000661   Thumb Code     0  scanf_fp.o(.text)
    _scanf_really_real                       0x08000661   Thumb Code   556  scanf_fp.o(.text)
    _sgetc                                   0x08000899   Thumb Code    30  _sgetc.o(.text)
    _sbackspace                              0x080008b7   Thumb Code    34  _sgetc.o(.text)
    _float_round                             0x080008d9   Thumb Code    18  fepilogue.o(.text)
    _float_epilogue                          0x080008eb   Thumb Code    92  fepilogue.o(.text)
    _double_round                            0x08000947   Thumb Code    30  depilogue.o(.text)
    _double_epilogue                         0x08000965   Thumb Code   156  depilogue.o(.text)
    __ctype_lookup                           0x08000a01   Thumb Code    34  ctype_c.o(.text)
    __aeabi_ul2d                             0x08000a29   Thumb Code    24  dfltul.o(.text)
    __decompress                             0x08000a41   Thumb Code     0  __dczerorl2.o(.text)
    __decompress1                            0x08000a41   Thumb Code    86  __dczerorl2.o(.text)
    HAL_DMA_Abort_IT                         0x08000a99   Thumb Code   172  stm32f1xx_hal_dma.o(i.HAL_DMA_Abort_IT)
    HAL_Delay                                0x08000b49   Thumb Code    36  stm32f1xx_hal.o(i.HAL_Delay)
    HAL_GPIO_Init                            0x08000b71   Thumb Code   764  stm32f1xx_hal_gpio.o(i.HAL_GPIO_Init)
    HAL_GPIO_WritePin                        0x08000e8d   Thumb Code    12  stm32f1xx_hal_gpio.o(i.HAL_GPIO_WritePin)
    HAL_GetTick                              0x08000e99   Thumb Code     6  stm32f1xx_hal.o(i.HAL_GetTick)
    HAL_IncTick                              0x08000ea5   Thumb Code    16  stm32f1xx_hal.o(i.HAL_IncTick)
    HAL_Init                                 0x08000ebd   Thumb Code    34  stm32f1xx_hal.o(i.HAL_Init)
    HAL_InitTick                             0x08000ee5   Thumb Code    64  stm32f1xx_hal.o(i.HAL_InitTick)
    HAL_MspInit                              0x08000f31   Thumb Code   132  stm32f1xx_hal_msp.o(i.HAL_MspInit)
    HAL_NVIC_EnableIRQ                       0x08000fbd   Thumb Code    26  stm32f1xx_hal_cortex.o(i.HAL_NVIC_EnableIRQ)
    HAL_NVIC_SetPriority                     0x08000fd7   Thumb Code   124  stm32f1xx_hal_cortex.o(i.HAL_NVIC_SetPriority)
    HAL_NVIC_SetPriorityGrouping             0x08001055   Thumb Code    32  stm32f1xx_hal_cortex.o(i.HAL_NVIC_SetPriorityGrouping)
    HAL_PCDEx_PMAConfig                      0x0800107d   Thumb Code    62  stm32f1xx_hal_pcd_ex.o(i.HAL_PCDEx_PMAConfig)
    HAL_PCDEx_SetConnectionState             0x080010bb   Thumb Code     2  usbd_conf.o(i.HAL_PCDEx_SetConnectionState)
    HAL_PCD_DataInStageCallback              0x080010bd   Thumb Code    28  usbd_conf.o(i.HAL_PCD_DataInStageCallback)
    HAL_PCD_DataOutStageCallback             0x080010d9   Thumb Code    28  usbd_conf.o(i.HAL_PCD_DataOutStageCallback)
    HAL_PCD_EP_Close                         0x080010f5   Thumb Code   100  stm32f1xx_hal_pcd.o(i.HAL_PCD_EP_Close)
    HAL_PCD_EP_ClrStall                      0x08001159   Thumb Code    98  stm32f1xx_hal_pcd.o(i.HAL_PCD_EP_ClrStall)
    HAL_PCD_EP_Open                          0x080011bb   Thumb Code   118  stm32f1xx_hal_pcd.o(i.HAL_PCD_EP_Open)
    HAL_PCD_EP_Receive                       0x08001231   Thumb Code    74  stm32f1xx_hal_pcd.o(i.HAL_PCD_EP_Receive)
    HAL_PCD_EP_SetStall                      0x0800127b   Thumb Code   114  stm32f1xx_hal_pcd.o(i.HAL_PCD_EP_SetStall)
    HAL_PCD_EP_Transmit                      0x080012ed   Thumb Code    76  stm32f1xx_hal_pcd.o(i.HAL_PCD_EP_Transmit)
    HAL_PCD_IRQHandler                       0x08001339   Thumb Code   360  stm32f1xx_hal_pcd.o(i.HAL_PCD_IRQHandler)
    HAL_PCD_Init                             0x080014a1   Thumb Code   282  stm32f1xx_hal_pcd.o(i.HAL_PCD_Init)
    HAL_PCD_MspInit                          0x080015bd   Thumb Code    58  usbd_conf.o(i.HAL_PCD_MspInit)
    HAL_PCD_ResetCallback                    0x08001601   Thumb Code    42  usbd_conf.o(i.HAL_PCD_ResetCallback)
    HAL_PCD_ResumeCallback                   0x0800162b   Thumb Code    14  usbd_conf.o(i.HAL_PCD_ResumeCallback)
    HAL_PCD_SOFCallback                      0x08001639   Thumb Code    14  usbd_conf.o(i.HAL_PCD_SOFCallback)
    HAL_PCD_SetAddress                       0x08001647   Thumb Code    54  stm32f1xx_hal_pcd.o(i.HAL_PCD_SetAddress)
    HAL_PCD_SetupStageCallback               0x0800167d   Thumb Code    18  usbd_conf.o(i.HAL_PCD_SetupStageCallback)
    HAL_PCD_Start                            0x0800168f   Thumb Code    60  stm32f1xx_hal_pcd.o(i.HAL_PCD_Start)
    HAL_PCD_SuspendCallback                  0x080016cd   Thumb Code    30  usbd_conf.o(i.HAL_PCD_SuspendCallback)
    HAL_RCCEx_GetPeriphCLKFreq               0x080016f1   Thumb Code   254  stm32f1xx_hal_rcc_ex.o(i.HAL_RCCEx_GetPeriphCLKFreq)
    HAL_RCCEx_PeriphCLKConfig                0x08001811   Thumb Code   290  stm32f1xx_hal_rcc_ex.o(i.HAL_RCCEx_PeriphCLKConfig)
    HAL_RCC_ClockConfig                      0x08001941   Thumb Code   402  stm32f1xx_hal_rcc.o(i.HAL_RCC_ClockConfig)
    HAL_RCC_GetHCLKFreq                      0x08001ae5   Thumb Code     6  stm32f1xx_hal_rcc.o(i.HAL_RCC_GetHCLKFreq)
    HAL_RCC_GetPCLK1Freq                     0x08001af1   Thumb Code    22  stm32f1xx_hal_rcc.o(i.HAL_RCC_GetPCLK1Freq)
    HAL_RCC_GetPCLK2Freq                     0x08001b11   Thumb Code    22  stm32f1xx_hal_rcc.o(i.HAL_RCC_GetPCLK2Freq)
    HAL_RCC_GetSysClockFreq                  0x08001b31   Thumb Code   116  stm32f1xx_hal_rcc.o(i.HAL_RCC_GetSysClockFreq)
    HAL_RCC_OscConfig                        0x08001bc5   Thumb Code  1078  stm32f1xx_hal_rcc.o(i.HAL_RCC_OscConfig)
    HAL_RTCEx_BKUPRead                       0x08002005   Thumb Code    20  stm32f1xx_hal_rtc_ex.o(i.HAL_RTCEx_BKUPRead)
    HAL_RTCEx_BKUPWrite                      0x0800201d   Thumb Code    18  stm32f1xx_hal_rtc_ex.o(i.HAL_RTCEx_BKUPWrite)
    HAL_RTC_Init                             0x08002035   Thumb Code   202  stm32f1xx_hal_rtc.o(i.HAL_RTC_Init)
    HAL_RTC_MspInit                          0x08002105   Thumb Code    16  rtc.o(i.HAL_RTC_MspInit)
    HAL_RTC_SetDate                          0x0800211d   Thumb Code   242  stm32f1xx_hal_rtc.o(i.HAL_RTC_SetDate)
    HAL_RTC_SetTime                          0x08002215   Thumb Code   214  stm32f1xx_hal_rtc.o(i.HAL_RTC_SetTime)
    HAL_RTC_WaitForSynchro                   0x080022f1   Thumb Code    64  stm32f1xx_hal_rtc.o(i.HAL_RTC_WaitForSynchro)
    HAL_SPI_Init                             0x08002331   Thumb Code   134  stm32f1xx_hal_spi_ex.o(i.HAL_SPI_Init)
    HAL_SPI_MspInit                          0x080023b9   Thumb Code    84  spi.o(i.HAL_SPI_MspInit)
    HAL_SYSTICK_CLKSourceConfig              0x08002419   Thumb Code    40  stm32f1xx_hal_cortex.o(i.HAL_SYSTICK_CLKSourceConfig)
    HAL_SYSTICK_Callback                     0x08002441   Thumb Code     2  stm32f1xx_hal_cortex.o(i.HAL_SYSTICK_Callback)
    HAL_SYSTICK_Config                       0x08002443   Thumb Code    52  stm32f1xx_hal_cortex.o(i.HAL_SYSTICK_Config)
    HAL_SYSTICK_IRQHandler                   0x08002477   Thumb Code     8  stm32f1xx_hal_cortex.o(i.HAL_SYSTICK_IRQHandler)
    HAL_UART_ErrorCallback                   0x0800247f   Thumb Code     2  stm32f1xx_hal_uart.o(i.HAL_UART_ErrorCallback)
    HAL_UART_IRQHandler                      0x08002481   Thumb Code   326  stm32f1xx_hal_uart.o(i.HAL_UART_IRQHandler)
    HAL_UART_Init                            0x080025cd   Thumb Code   114  stm32f1xx_hal_uart.o(i.HAL_UART_Init)
    HAL_UART_MspInit                         0x08002641   Thumb Code   196  usart.o(i.HAL_UART_MspInit)
    HAL_UART_Receive_IT                      0x08002719   Thumb Code   112  stm32f1xx_hal_uart.o(i.HAL_UART_Receive_IT)
    HAL_UART_RxCpltCallback                  0x08002789   Thumb Code    68  main.o(i.HAL_UART_RxCpltCallback)
    HAL_UART_Transmit                        0x080027e1   Thumb Code   214  stm32f1xx_hal_uart.o(i.HAL_UART_Transmit)
    HAL_UART_TxCpltCallback                  0x080028b7   Thumb Code     2  stm32f1xx_hal_uart.o(i.HAL_UART_TxCpltCallback)
    MX_GPIO_Init                             0x080028b9   Thumb Code   178  gpio.o(i.MX_GPIO_Init)
    MX_RTC_Init                              0x08002979   Thumb Code   144  rtc.o(i.MX_RTC_Init)
    MX_SPI1_Init                             0x08002a21   Thumb Code    64  spi.o(i.MX_SPI1_Init)
    MX_USART1_UART_Init                      0x08002a79   Thumb Code    50  usart.o(i.MX_USART1_UART_Init)
    MX_USART3_UART_Init                      0x08002ac5   Thumb Code    50  usart.o(i.MX_USART3_UART_Init)
    MX_USB_DEVICE_Init                       0x08002b11   Thumb Code    28  usb_device.o(i.MX_USB_DEVICE_Init)
    SysTick_Handler                          0x08003193   Thumb Code    12  stm32f1xx_it.o(i.SysTick_Handler)
    SystemClock_Config                       0x080031a1   Thumb Code   166  main.o(i.SystemClock_Config)
    SystemInit                               0x08003259   Thumb Code    70  system_stm32f1xx.o(i.SystemInit)
    USART1_IRQHandler                        0x08003649   Thumb Code    10  stm32f1xx_it.o(i.USART1_IRQHandler)
    USART3_IRQHandler                        0x08003659   Thumb Code    10  stm32f1xx_it.o(i.USART3_IRQHandler)
    USBD_ClrClassConfig                      0x08003669   Thumb Code    22  usbd_core.o(i.USBD_ClrClassConfig)
    USBD_CtlContinueRx                       0x080036c3   Thumb Code    24  usbd_ioreq.o(i.USBD_CtlContinueRx)
    USBD_CtlContinueSendData                 0x080036db   Thumb Code    24  usbd_ioreq.o(i.USBD_CtlContinueSendData)
    USBD_CtlError                            0x080036f3   Thumb Code    24  usbd_ctlreq.o(i.USBD_CtlError)
    USBD_CtlReceiveStatus                    0x0800370b   Thumb Code    26  usbd_ioreq.o(i.USBD_CtlReceiveStatus)
    USBD_CtlSendData                         0x08003725   Thumb Code    34  usbd_ioreq.o(i.USBD_CtlSendData)
    USBD_CtlSendStatus                       0x08003747   Thumb Code    26  usbd_ioreq.o(i.USBD_CtlSendStatus)
    USBD_FS_ConfigStrDescriptor              0x08003761   Thumb Code    34  usbd_desc.o(i.USBD_FS_ConfigStrDescriptor)
    USBD_FS_DeviceDescriptor                 0x08003795   Thumb Code    10  usbd_desc.o(i.USBD_FS_DeviceDescriptor)
    USBD_FS_InterfaceStrDescriptor           0x080037a5   Thumb Code    34  usbd_desc.o(i.USBD_FS_InterfaceStrDescriptor)
    USBD_FS_LangIDStrDescriptor              0x080037dd   Thumb Code    10  usbd_desc.o(i.USBD_FS_LangIDStrDescriptor)
    USBD_FS_ManufacturerStrDescriptor        0x080037ed   Thumb Code    20  usbd_desc.o(i.USBD_FS_ManufacturerStrDescriptor)
    USBD_FS_ProductStrDescriptor             0x08003819   Thumb Code    34  usbd_desc.o(i.USBD_FS_ProductStrDescriptor)
    USBD_FS_SerialStrDescriptor              0x08003859   Thumb Code    34  usbd_desc.o(i.USBD_FS_SerialStrDescriptor)
    USBD_GetString                           0x08003a81   Thumb Code    82  usbd_ctlreq.o(i.USBD_GetString)
    USBD_HID_SendReport                      0x08003b59   Thumb Code    48  usbd_hid.o(i.USBD_HID_SendReport)
    USBD_Init                                0x08003c69   Thumb Code    50  usbd_core.o(i.USBD_Init)
    USBD_LL_ClearStallEP                     0x08003c9b   Thumb Code    68  usbd_conf.o(i.USBD_LL_ClearStallEP)
    USBD_LL_CloseEP                          0x08003cdf   Thumb Code    68  usbd_conf.o(i.USBD_LL_CloseEP)
    USBD_LL_DataInStage                      0x08003d23   Thumb Code   218  usbd_core.o(i.USBD_LL_DataInStage)
    USBD_LL_DataOutStage                     0x08003dfd   Thumb Code   134  usbd_core.o(i.USBD_LL_DataOutStage)
    USBD_LL_Init                             0x08003e85   Thumb Code   104  usbd_conf.o(i.USBD_LL_Init)
    USBD_LL_IsStallEP                        0x08003f09   Thumb Code    48  usbd_conf.o(i.USBD_LL_IsStallEP)
    USBD_LL_OpenEP                           0x08003f39   Thumb Code    98  usbd_conf.o(i.USBD_LL_OpenEP)
    USBD_LL_PrepareReceive                   0x08003f9b   Thumb Code    98  usbd_conf.o(i.USBD_LL_PrepareReceive)
    USBD_LL_Reset                            0x08003ffd   Thumb Code    68  usbd_core.o(i.USBD_LL_Reset)
    USBD_LL_Resume                           0x08004041   Thumb Code    14  usbd_core.o(i.USBD_LL_Resume)
    USBD_LL_SOF                              0x0800404f   Thumb Code    34  usbd_core.o(i.USBD_LL_SOF)
    USBD_LL_SetSpeed                         0x08004071   Thumb Code     8  usbd_core.o(i.USBD_LL_SetSpeed)
    USBD_LL_SetUSBAddress                    0x08004079   Thumb Code    68  usbd_conf.o(i.USBD_LL_SetUSBAddress)
    USBD_LL_SetupStage                       0x080040bd   Thumb Code   110  usbd_core.o(i.USBD_LL_SetupStage)
    USBD_LL_StallEP                          0x0800412b   Thumb Code    68  usbd_conf.o(i.USBD_LL_StallEP)
    USBD_LL_Start                            0x0800416f   Thumb Code    60  usbd_conf.o(i.USBD_LL_Start)
    USBD_LL_Suspend                          0x080041ab   Thumb Code    20  usbd_core.o(i.USBD_LL_Suspend)
    USBD_LL_Transmit                         0x080041bf   Thumb Code    98  usbd_conf.o(i.USBD_LL_Transmit)
    USBD_ParseSetupRequest                   0x08004221   Thumb Code    40  usbd_ctlreq.o(i.USBD_ParseSetupRequest)
    USBD_RegisterClass                       0x08004249   Thumb Code    16  usbd_core.o(i.USBD_RegisterClass)
    USBD_RunTestMode                         0x08004259   Thumb Code     6  usbd_core.o(i.USBD_RunTestMode)
    USBD_SetClassConfig                      0x080042b3   Thumb Code    34  usbd_core.o(i.USBD_SetClassConfig)
    USBD_Start                               0x080043d9   Thumb Code    14  usbd_core.o(i.USBD_Start)
    USBD_StdDevReq                           0x080043e7   Thumb Code   114  usbd_ctlreq.o(i.USBD_StdDevReq)
    USBD_StdEPReq                            0x08004459   Thumb Code   342  usbd_ctlreq.o(i.USBD_StdEPReq)
    USBD_StdItfReq                           0x080045af   Thumb Code    74  usbd_ctlreq.o(i.USBD_StdItfReq)
    USBD_static_free                         0x080045f9   Thumb Code     2  usbd_conf.o(i.USBD_static_free)
    USBD_static_malloc                       0x080045fd   Thumb Code     6  usbd_conf.o(i.USBD_static_malloc)
    USB_ActivateEndpoint                     0x08004609   Thumb Code   938  stm32f1xx_ll_usb.o(i.USB_ActivateEndpoint)
    USB_CoreInit                             0x080049b3   Thumb Code     8  stm32f1xx_ll_usb.o(i.USB_CoreInit)
    USB_DeactivateEndpoint                   0x080049bb   Thumb Code   532  stm32f1xx_ll_usb.o(i.USB_DeactivateEndpoint)
    USB_DevConnect                           0x08004bcf   Thumb Code     6  stm32f1xx_ll_usb.o(i.USB_DevConnect)
    USB_DevDisconnect                        0x08004bd5   Thumb Code     6  stm32f1xx_ll_usb.o(i.USB_DevDisconnect)
    USB_DevInit                              0x08004bdb   Thumb Code    30  stm32f1xx_ll_usb.o(i.USB_DevInit)
    USB_DisableGlobalInt                     0x08004bf9   Thumb Code    22  stm32f1xx_ll_usb.o(i.USB_DisableGlobalInt)
    USB_EP0_OutStart                         0x08004c0f   Thumb Code     6  stm32f1xx_ll_usb.o(i.USB_EP0_OutStart)
    USB_EPClearStall                         0x08004c15   Thumb Code   180  stm32f1xx_ll_usb.o(i.USB_EPClearStall)
    USB_EPSetStall                           0x08004cc9   Thumb Code   134  stm32f1xx_ll_usb.o(i.USB_EPSetStall)
    USB_EPStartXfer                          0x08004d4f   Thumb Code   818  stm32f1xx_ll_usb.o(i.USB_EPStartXfer)
    USB_EnableGlobalInt                      0x08005081   Thumb Code    22  stm32f1xx_ll_usb.o(i.USB_EnableGlobalInt)
    USB_LP_CAN1_RX0_IRQHandler               0x08005099   Thumb Code    10  stm32f1xx_it.o(i.USB_LP_CAN1_RX0_IRQHandler)
    USB_ReadInterrupts                       0x080050a9   Thumb Code    10  stm32f1xx_ll_usb.o(i.USB_ReadInterrupts)
    USB_ReadPMA                              0x080050b3   Thumb Code    40  stm32f1xx_ll_usb.o(i.USB_ReadPMA)
    USB_SetCurrentMode                       0x080050db   Thumb Code     6  stm32f1xx_ll_usb.o(i.USB_SetCurrentMode)
    USB_SetDevAddress                        0x080050e1   Thumb Code    14  stm32f1xx_ll_usb.o(i.USB_SetDevAddress)
    USB_Write                                0x080050f1   Thumb Code   172  main.o(i.USB_Write)
    USB_WritePMA                             0x080051a5   Thumb Code    66  stm32f1xx_ll_usb.o(i.USB_WritePMA)
    _Error_Handler                           0x080051e7   Thumb Code     4  main.o(i._Error_Handler)
    __0printf$8                              0x080051ed   Thumb Code    22  printf8.o(i.__0printf$8)
    __1printf$8                              0x080051ed   Thumb Code     0  printf8.o(i.__0printf$8)
    __2printf                                0x080051ed   Thumb Code     0  printf8.o(i.__0printf$8)
    __scatterload_copy                       0x0800520d   Thumb Code    14  handlers.o(i.__scatterload_copy)
    __scatterload_null                       0x0800521b   Thumb Code     2  handlers.o(i.__scatterload_null)
    __scatterload_zeroinit                   0x0800521d   Thumb Code    14  handlers.o(i.__scatterload_zeroinit)
    _is_digit                                0x0800522b   Thumb Code    14  scanf_fp.o(i._is_digit)
    fputc                                    0x0800569d   Thumb Code    26  printf.o(i.fputc)
    getScancode                              0x080056bd   Thumb Code    64  main.o(i.getScancode)
    main                                     0x080056fd   Thumb Code   134  main.o(i.main)
    strtof                                   0x080057bd   Thumb Code    34  strtof.o(i.strtof)
    AHBPrescTable                            0x080057de   Data          16  system_stm32f1xx.o(.constdata)
    APBPrescTable                            0x080057ee   Data           8  system_stm32f1xx.o(.constdata)
    __ctype_categories                       0x080057f6   Data          64  ctype_c.o(.constdata)
    Region$$Table$$Base                      0x08005838   Number         0  anon$$obj.o(Region$$Table)
    Region$$Table$$Limit                     0x08005858   Number         0  anon$$obj.o(Region$$Table)
    fm_inited                                0x20000000   Data           1  main.o(.data)
    txt                                      0x20000004   Data           4  main.o(.data)
    rValue                                   0x20000008   Data           1  main.o(.data)
    rIndex                                   0x20000009   Data           1  main.o(.data)
    rFlag                                    0x2000000a   Data           1  main.o(.data)
    buff                                     0x2000000b   Data           8  main.o(.data)
    __stdout                                 0x20000014   Data           4  printf.o(.data)
    __stdin                                  0x20000018   Data           4  printf.o(.data)
    FS_Desc                                  0x2000001c   Data          28  usbd_desc.o(.data)
    USBD_FS_DeviceDesc                       0x20000038   Data          18  usbd_desc.o(.data)
    USBD_LangIDDesc                          0x2000004c   Data           4  usbd_desc.o(.data)
    uwTick                                   0x20000050   Data           4  stm32f1xx_hal.o(.data)
    uwTickPrio                               0x20000054   Data           4  stm32f1xx_hal.o(.data)
    uwTickFreq                               0x20000058   Data           1  stm32f1xx_hal.o(.data)
    SystemCoreClock                          0x2000005c   Data           4  system_stm32f1xx.o(.data)
    USBD_HID                                 0x20000064   Data          56  usbd_hid.o(.data)
    FatFs                                    0x20000194   Data         560  main.o(.bss)
    file_buff                                0x200003c4   Data         100  main.o(.bss)
    rBuffer                                  0x20000428   Data          30  main.o(.bss)
    huart1                                   0x20000648   Data          64  usart.o(.bss)
    huart3                                   0x20000688   Data          64  usart.o(.bss)
    hspi1                                    0x200006c8   Data          88  spi.o(.bss)
    USBD_StrDesc                             0x20000720   Data         512  usbd_desc.o(.bss)
    hpcd_USB_FS                              0x20000920   Data        1120  usbd_conf.o(.bss)
    hrtc                                     0x20000d94   Data          20  rtc.o(.bss)
    hUsbDeviceFS                             0x20000da8   Data         548  usb_device.o(.bss)
    __initial_sp                             0x200011d0   Data           0  startup_stm32f103xb.o(STACK)



==============================================================================

Memory Map of the image

  Image Entry point : 0x080000ed

  Load Region LR_IROM1 (Base: 0x08000000, Size: 0x000059ec, Max: 0x00010000, ABSOLUTE, COMPRESSED[0x0000595c])

    Execution Region ER_IROM1 (Base: 0x08000000, Size: 0x00005858, Max: 0x00010000, ABSOLUTE)

    Base Addr    Size         Type   Attr      Idx    E Section Name        Object

    0x08000000   0x000000ec   Data   RO            3    RESET               startup_stm32f103xb.o
    0x080000ec   0x00000000   Code   RO         4147  * .ARM.Collect$$$$00000000  mc_w.l(entry.o)
    0x080000ec   0x00000004   Code   RO         4425    .ARM.Collect$$$$00000001  mc_w.l(entry2.o)
    0x080000f0   0x00000004   Code   RO         4428    .ARM.Collect$$$$00000004  mc_w.l(entry5.o)
    0x080000f4   0x00000000   Code   RO         4430    .ARM.Collect$$$$00000008  mc_w.l(entry7b.o)
    0x080000f4   0x00000000   Code   RO         4432    .ARM.Collect$$$$0000000A  mc_w.l(entry8b.o)
    0x080000f4   0x00000008   Code   RO         4433    .ARM.Collect$$$$0000000B  mc_w.l(entry9a.o)
    0x080000fc   0x00000000   Code   RO         4435    .ARM.Collect$$$$0000000D  mc_w.l(entry10a.o)
    0x080000fc   0x00000000   Code   RO         4437    .ARM.Collect$$$$0000000F  mc_w.l(entry11a.o)
    0x080000fc   0x00000004   Code   RO         4426    .ARM.Collect$$$$00002712  mc_w.l(entry2.o)
    0x08000100   0x00000024   Code   RO            4    .text               startup_stm32f103xb.o
    0x08000124   0x00000020   Code   RO         4150    .text               mc_w.l(llushr.o)
    0x08000144   0x00000024   Code   RO         4152    .text               mc_w.l(memcpya.o)
    0x08000168   0x00000024   Code   RO         4154    .text               mc_w.l(strstr.o)
    0x0800018c   0x00000064   Code   RO         4421    .text               mf_w.l(fmul.o)
    0x080001f0   0x00000028   Code   RO         4423    .text               mf_w.l(ffixui.o)
    0x08000218   0x00000062   Code   RO         4441    .text               mc_w.l(uldiv.o)
    0x0800027a   0x00000002   PAD
    0x0800027c   0x0000009c   Code   RO         4443    .text               mc_w.l(strtod.o)
    0x08000318   0x00000000   Code   RO         4445    .text               mc_w.l(iusefp.o)
    0x08000318   0x000000e4   Code   RO         4448    .text               mf_w.l(dmul.o)
    0x080003fc   0x000000de   Code   RO         4450    .text               mf_w.l(ddiv.o)
    0x080004da   0x00000038   Code   RO         4456    .text               mf_w.l(d2f.o)
    0x08000512   0x00000002   PAD
    0x08000514   0x00000024   Code   RO         4458    .text               mc_w.l(init.o)
    0x08000538   0x0000001e   Code   RO         4460    .text               mc_w.l(llshl.o)
    0x08000556   0x0000000a   Code   RO         4464    .text               mc_w.l(isspace_c.o)
    0x08000560   0x00000338   Code   RO         4466    .text               mc_w.l(scanf_fp.o)
    0x08000898   0x00000040   Code   RO         4470    .text               mc_w.l(_sgetc.o)
    0x080008d8   0x0000006e   Code   RO         4472    .text               mf_w.l(fepilogue.o)
    0x08000946   0x000000ba   Code   RO         4474    .text               mf_w.l(depilogue.o)
    0x08000a00   0x00000028   Code   RO         4476    .text               mc_w.l(ctype_c.o)
    0x08000a28   0x00000018   Code   RO         4479    .text               mf_w.l(dfltul.o)
    0x08000a40   0x00000056   Code   RO         4489    .text               mc_w.l(__dczerorl2.o)
    0x08000a96   0x00000002   PAD
    0x08000a98   0x000000b0   Code   RO         1668    i.HAL_DMA_Abort_IT  stm32f1xx_hal_dma.o
    0x08000b48   0x00000028   Code   RO         1840    i.HAL_Delay         stm32f1xx_hal.o
    0x08000b70   0x0000031c   Code   RO         1995    i.HAL_GPIO_Init     stm32f1xx_hal_gpio.o
    0x08000e8c   0x0000000c   Code   RO         1999    i.HAL_GPIO_WritePin  stm32f1xx_hal_gpio.o
    0x08000e98   0x0000000c   Code   RO         1844    i.HAL_GetTick       stm32f1xx_hal.o
    0x08000ea4   0x00000018   Code   RO         1848    i.HAL_IncTick       stm32f1xx_hal.o
    0x08000ebc   0x00000028   Code   RO         1849    i.HAL_Init          stm32f1xx_hal.o
    0x08000ee4   0x0000004c   Code   RO         1850    i.HAL_InitTick      stm32f1xx_hal.o
    0x08000f30   0x0000008c   Code   RO          399    i.HAL_MspInit       stm32f1xx_hal_msp.o
    0x08000fbc   0x0000001a   Code   RO         2060    i.HAL_NVIC_EnableIRQ  stm32f1xx_hal_cortex.o
    0x08000fd6   0x0000007c   Code   RO         2066    i.HAL_NVIC_SetPriority  stm32f1xx_hal_cortex.o
    0x08001052   0x00000002   PAD
    0x08001054   0x00000028   Code   RO         2067    i.HAL_NVIC_SetPriorityGrouping  stm32f1xx_hal_cortex.o
    0x0800107c   0x0000003e   Code   RO         2503    i.HAL_PCDEx_PMAConfig  stm32f1xx_hal_pcd_ex.o
    0x080010ba   0x00000002   Code   RO          551    i.HAL_PCDEx_SetConnectionState  usbd_conf.o
    0x080010bc   0x0000001c   Code   RO          553    i.HAL_PCD_DataInStageCallback  usbd_conf.o
    0x080010d8   0x0000001c   Code   RO          554    i.HAL_PCD_DataOutStageCallback  usbd_conf.o
    0x080010f4   0x00000064   Code   RO         3011    i.HAL_PCD_EP_Close  stm32f1xx_hal_pcd.o
    0x08001158   0x00000062   Code   RO         3012    i.HAL_PCD_EP_ClrStall  stm32f1xx_hal_pcd.o
    0x080011ba   0x00000076   Code   RO         3015    i.HAL_PCD_EP_Open   stm32f1xx_hal_pcd.o
    0x08001230   0x0000004a   Code   RO         3016    i.HAL_PCD_EP_Receive  stm32f1xx_hal_pcd.o
    0x0800127a   0x00000072   Code   RO         3017    i.HAL_PCD_EP_SetStall  stm32f1xx_hal_pcd.o
    0x080012ec   0x0000004c   Code   RO         3018    i.HAL_PCD_EP_Transmit  stm32f1xx_hal_pcd.o
    0x08001338   0x00000168   Code   RO         3020    i.HAL_PCD_IRQHandler  stm32f1xx_hal_pcd.o
    0x080014a0   0x0000011a   Code   RO         3023    i.HAL_PCD_Init      stm32f1xx_hal_pcd.o
    0x080015ba   0x00000002   PAD
    0x080015bc   0x00000044   Code   RO          559    i.HAL_PCD_MspInit   usbd_conf.o
    0x08001600   0x0000002a   Code   RO          560    i.HAL_PCD_ResetCallback  usbd_conf.o
    0x0800162a   0x0000000e   Code   RO          561    i.HAL_PCD_ResumeCallback  usbd_conf.o
    0x08001638   0x0000000e   Code   RO          562    i.HAL_PCD_SOFCallback  usbd_conf.o
    0x08001646   0x00000036   Code   RO         3029    i.HAL_PCD_SetAddress  stm32f1xx_hal_pcd.o
    0x0800167c   0x00000012   Code   RO          563    i.HAL_PCD_SetupStageCallback  usbd_conf.o
    0x0800168e   0x0000003c   Code   RO         3031    i.HAL_PCD_Start     stm32f1xx_hal_pcd.o
    0x080016ca   0x00000002   PAD
    0x080016cc   0x00000024   Code   RO          564    i.HAL_PCD_SuspendCallback  usbd_conf.o
    0x080016f0   0x00000120   Code   RO         1762    i.HAL_RCCEx_GetPeriphCLKFreq  stm32f1xx_hal_rcc_ex.o
    0x08001810   0x00000130   Code   RO         1763    i.HAL_RCCEx_PeriphCLKConfig  stm32f1xx_hal_rcc_ex.o
    0x08001940   0x000001a4   Code   RO          835    i.HAL_RCC_ClockConfig  stm32f1xx_hal_rcc.o
    0x08001ae4   0x0000000c   Code   RO          840    i.HAL_RCC_GetHCLKFreq  stm32f1xx_hal_rcc.o
    0x08001af0   0x00000020   Code   RO          842    i.HAL_RCC_GetPCLK1Freq  stm32f1xx_hal_rcc.o
    0x08001b10   0x00000020   Code   RO          843    i.HAL_RCC_GetPCLK2Freq  stm32f1xx_hal_rcc.o
    0x08001b30   0x00000094   Code   RO          844    i.HAL_RCC_GetSysClockFreq  stm32f1xx_hal_rcc.o
    0x08001bc4   0x00000440   Code   RO          847    i.HAL_RCC_OscConfig  stm32f1xx_hal_rcc.o
    0x08002004   0x00000018   Code   RO         2708    i.HAL_RTCEx_BKUPRead  stm32f1xx_hal_rtc_ex.o
    0x0800201c   0x00000018   Code   RO         2709    i.HAL_RTCEx_BKUPWrite  stm32f1xx_hal_rtc_ex.o
    0x08002034   0x000000d0   Code   RO         2541    i.HAL_RTC_Init      stm32f1xx_hal_rtc.o
    0x08002104   0x00000018   Code   RO          759    i.HAL_RTC_MspInit   rtc.o
    0x0800211c   0x000000f8   Code   RO         2547    i.HAL_RTC_SetDate   stm32f1xx_hal_rtc.o
    0x08002214   0x000000dc   Code   RO         2548    i.HAL_RTC_SetTime   stm32f1xx_hal_rtc.o
    0x080022f0   0x00000040   Code   RO         2549    i.HAL_RTC_WaitForSynchro  stm32f1xx_hal_rtc.o
    0x08002330   0x00000086   Code   RO         1378    i.HAL_SPI_Init      stm32f1xx_hal_spi_ex.o
    0x080023b6   0x00000002   PAD
    0x080023b8   0x00000060   Code   RO          358    i.HAL_SPI_MspInit   spi.o
    0x08002418   0x00000028   Code   RO         2069    i.HAL_SYSTICK_CLKSourceConfig  stm32f1xx_hal_cortex.o
    0x08002440   0x00000002   Code   RO         2070    i.HAL_SYSTICK_Callback  stm32f1xx_hal_cortex.o
    0x08002442   0x00000034   Code   RO         2071    i.HAL_SYSTICK_Config  stm32f1xx_hal_cortex.o
    0x08002476   0x00000008   Code   RO         2072    i.HAL_SYSTICK_IRQHandler  stm32f1xx_hal_cortex.o
    0x0800247e   0x00000002   Code   RO          962    i.HAL_UART_ErrorCallback  stm32f1xx_hal_uart.o
    0x08002480   0x0000014c   Code   RO          965    i.HAL_UART_IRQHandler  stm32f1xx_hal_uart.o
    0x080025cc   0x00000072   Code   RO          966    i.HAL_UART_Init     stm32f1xx_hal_uart.o
    0x0800263e   0x00000002   PAD
    0x08002640   0x000000d8   Code   RO          310    i.HAL_UART_MspInit  usart.o
    0x08002718   0x00000070   Code   RO          971    i.HAL_UART_Receive_IT  stm32f1xx_hal_uart.o
    0x08002788   0x00000058   Code   RO           13    i.HAL_UART_RxCpltCallback  main.o
    0x080027e0   0x000000d6   Code   RO          974    i.HAL_UART_Transmit  stm32f1xx_hal_uart.o
    0x080028b6   0x00000002   Code   RO          977    i.HAL_UART_TxCpltCallback  stm32f1xx_hal_uart.o
    0x080028b8   0x000000c0   Code   RO          285    i.MX_GPIO_Init      gpio.o
    0x08002978   0x000000a8   Code   RO          760    i.MX_RTC_Init       rtc.o
    0x08002a20   0x00000058   Code   RO          359    i.MX_SPI1_Init      spi.o
    0x08002a78   0x0000004c   Code   RO          311    i.MX_USART1_UART_Init  usart.o
    0x08002ac4   0x0000004c   Code   RO          312    i.MX_USART3_UART_Init  usart.o
    0x08002b10   0x00000028   Code   RO          800    i.MX_USB_DEVICE_Init  usb_device.o
    0x08002b38   0x00000010   Code   RO         2073    i.NVIC_GetPriorityGrouping  stm32f1xx_hal_cortex.o
    0x08002b48   0x00000028   Code   RO         2074    i.NVIC_SetPriority  stm32f1xx_hal_cortex.o
    0x08002b70   0x00000444   Code   RO         3034    i.PCD_EP_ISR_Handler  stm32f1xx_hal_pcd.o
    0x08002fb4   0x00000028   Code   RO          848    i.RCC_Delay         stm32f1xx_hal_rcc.o
    0x08002fdc   0x00000016   Code   RO         2550    i.RTC_Bcd2ToByte    stm32f1xx_hal_rtc.o
    0x08002ff2   0x0000003a   Code   RO         2553    i.RTC_EnterInitMode  stm32f1xx_hal_rtc.o
    0x0800302c   0x0000003a   Code   RO         2554    i.RTC_ExitInitMode  stm32f1xx_hal_rtc.o
    0x08003066   0x00000018   Code   RO         2556    i.RTC_ReadAlarmCounter  stm32f1xx_hal_rtc.o
    0x0800307e   0x00000034   Code   RO         2557    i.RTC_ReadTimeCounter  stm32f1xx_hal_rtc.o
    0x080030b2   0x00000084   Code   RO         2558    i.RTC_WeekDayNum    stm32f1xx_hal_rtc.o
    0x08003136   0x0000002e   Code   RO         2559    i.RTC_WriteAlarmCounter  stm32f1xx_hal_rtc.o
    0x08003164   0x0000002e   Code   RO         2560    i.RTC_WriteTimeCounter  stm32f1xx_hal_rtc.o
    0x08003192   0x0000000c   Code   RO          239    i.SysTick_Handler   stm32f1xx_it.o
    0x0800319e   0x00000002   PAD
    0x080031a0   0x000000b8   Code   RO           14    i.SystemClock_Config  main.o
    0x08003258   0x00000058   Code   RO         3218    i.SystemInit        system_stm32f1xx.o
    0x080032b0   0x00000014   Code   RO          979    i.UART_DMAAbortOnError  stm32f1xx_hal_uart.o
    0x080032c4   0x00000020   Code   RO          989    i.UART_EndRxTransfer  stm32f1xx_hal_uart.o
    0x080032e4   0x00000020   Code   RO          990    i.UART_EndTransmit_IT  stm32f1xx_hal_uart.o
    0x08003304   0x000000a6   Code   RO          992    i.UART_Receive_IT   stm32f1xx_hal_uart.o
    0x080033aa   0x00000002   PAD
    0x080033ac   0x000001c8   Code   RO          993    i.UART_SetConfig    stm32f1xx_hal_uart.o
    0x08003574   0x00000068   Code   RO          994    i.UART_Transmit_IT  stm32f1xx_hal_uart.o
    0x080035dc   0x0000006c   Code   RO          995    i.UART_WaitOnFlagUntilTimeout  stm32f1xx_hal_uart.o
    0x08003648   0x00000010   Code   RO          240    i.USART1_IRQHandler  stm32f1xx_it.o
    0x08003658   0x00000010   Code   RO          241    i.USART3_IRQHandler  stm32f1xx_it.o
    0x08003668   0x00000016   Code   RO         4008    i.USBD_ClrClassConfig  usbd_core.o
    0x0800367e   0x00000044   Code   RO         3787    i.USBD_ClrFeature   usbd_ctlreq.o
    0x080036c2   0x00000018   Code   RO         3882    i.USBD_CtlContinueRx  usbd_ioreq.o
    0x080036da   0x00000018   Code   RO         3883    i.USBD_CtlContinueSendData  usbd_ioreq.o
    0x080036f2   0x00000018   Code   RO         3788    i.USBD_CtlError     usbd_ctlreq.o
    0x0800370a   0x0000001a   Code   RO         3885    i.USBD_CtlReceiveStatus  usbd_ioreq.o
    0x08003724   0x00000022   Code   RO         3886    i.USBD_CtlSendData  usbd_ioreq.o
    0x08003746   0x0000001a   Code   RO         3887    i.USBD_CtlSendStatus  usbd_ioreq.o
    0x08003760   0x00000034   Code   RO          484    i.USBD_FS_ConfigStrDescriptor  usbd_desc.o
    0x08003794   0x00000010   Code   RO          485    i.USBD_FS_DeviceDescriptor  usbd_desc.o
    0x080037a4   0x00000038   Code   RO          486    i.USBD_FS_InterfaceStrDescriptor  usbd_desc.o
    0x080037dc   0x00000010   Code   RO          487    i.USBD_FS_LangIDStrDescriptor  usbd_desc.o
    0x080037ec   0x0000002c   Code   RO          488    i.USBD_FS_ManufacturerStrDescriptor  usbd_desc.o
    0x08003818   0x00000040   Code   RO          489    i.USBD_FS_ProductStrDescriptor  usbd_desc.o
    0x08003858   0x00000038   Code   RO          490    i.USBD_FS_SerialStrDescriptor  usbd_desc.o
    0x08003890   0x00000050   Code   RO         3789    i.USBD_GetConfig    usbd_ctlreq.o
    0x080038e0   0x00000148   Code   RO         3790    i.USBD_GetDescriptor  usbd_ctlreq.o
    0x08003a28   0x00000014   Code   RO         3791    i.USBD_GetLen       usbd_ctlreq.o
    0x08003a3c   0x00000044   Code   RO         3792    i.USBD_GetStatus    usbd_ctlreq.o
    0x08003a80   0x00000052   Code   RO         3793    i.USBD_GetString    usbd_ctlreq.o
    0x08003ad2   0x0000000c   Code   RO         3942    i.USBD_HID_DataIn   usbd_hid.o
    0x08003ade   0x00000026   Code   RO         3943    i.USBD_HID_DeInit   usbd_hid.o
    0x08003b04   0x00000010   Code   RO         3944    i.USBD_HID_GetCfgDesc  usbd_hid.o
    0x08003b14   0x00000010   Code   RO         3945    i.USBD_HID_GetDeviceQualifierDesc  usbd_hid.o
    0x08003b24   0x00000034   Code   RO         3947    i.USBD_HID_Init     usbd_hid.o
    0x08003b58   0x00000030   Code   RO         3948    i.USBD_HID_SendReport  usbd_hid.o
    0x08003b88   0x000000e0   Code   RO         3949    i.USBD_HID_Setup    usbd_hid.o
    0x08003c68   0x00000032   Code   RO         4010    i.USBD_Init         usbd_core.o
    0x08003c9a   0x00000044   Code   RO          565    i.USBD_LL_ClearStallEP  usbd_conf.o
    0x08003cde   0x00000044   Code   RO          566    i.USBD_LL_CloseEP   usbd_conf.o
    0x08003d22   0x000000da   Code   RO         4011    i.USBD_LL_DataInStage  usbd_core.o
    0x08003dfc   0x00000086   Code   RO         4012    i.USBD_LL_DataOutStage  usbd_core.o
    0x08003e82   0x00000002   PAD
    0x08003e84   0x00000084   Code   RO          571    i.USBD_LL_Init      usbd_conf.o
    0x08003f08   0x00000030   Code   RO          572    i.USBD_LL_IsStallEP  usbd_conf.o
    0x08003f38   0x00000062   Code   RO          573    i.USBD_LL_OpenEP    usbd_conf.o
    0x08003f9a   0x00000062   Code   RO          574    i.USBD_LL_PrepareReceive  usbd_conf.o
    0x08003ffc   0x00000044   Code   RO         4017    i.USBD_LL_Reset     usbd_core.o
    0x08004040   0x0000000e   Code   RO         4018    i.USBD_LL_Resume    usbd_core.o
    0x0800404e   0x00000022   Code   RO         4019    i.USBD_LL_SOF       usbd_core.o
    0x08004070   0x00000008   Code   RO         4020    i.USBD_LL_SetSpeed  usbd_core.o
    0x08004078   0x00000044   Code   RO          575    i.USBD_LL_SetUSBAddress  usbd_conf.o
    0x080040bc   0x0000006e   Code   RO         4021    i.USBD_LL_SetupStage  usbd_core.o
    0x0800412a   0x00000044   Code   RO          576    i.USBD_LL_StallEP   usbd_conf.o
    0x0800416e   0x0000003c   Code   RO          577    i.USBD_LL_Start     usbd_conf.o
    0x080041aa   0x00000014   Code   RO         4022    i.USBD_LL_Suspend   usbd_core.o
    0x080041be   0x00000062   Code   RO          579    i.USBD_LL_Transmit  usbd_conf.o
    0x08004220   0x00000028   Code   RO         3794    i.USBD_ParseSetupRequest  usbd_ctlreq.o
    0x08004248   0x00000010   Code   RO         4023    i.USBD_RegisterClass  usbd_core.o
    0x08004258   0x00000006   Code   RO         4024    i.USBD_RunTestMode  usbd_core.o
    0x0800425e   0x00000054   Code   RO         3795    i.USBD_SetAddress   usbd_ctlreq.o
    0x080042b2   0x00000022   Code   RO         4025    i.USBD_SetClassConfig  usbd_core.o
    0x080042d4   0x000000e0   Code   RO         3796    i.USBD_SetConfig    usbd_ctlreq.o
    0x080043b4   0x00000024   Code   RO         3797    i.USBD_SetFeature   usbd_ctlreq.o
    0x080043d8   0x0000000e   Code   RO         4026    i.USBD_Start        usbd_core.o
    0x080043e6   0x00000072   Code   RO         3798    i.USBD_StdDevReq    usbd_ctlreq.o
    0x08004458   0x00000156   Code   RO         3799    i.USBD_StdEPReq     usbd_ctlreq.o
    0x080045ae   0x0000004a   Code   RO         3800    i.USBD_StdItfReq    usbd_ctlreq.o
    0x080045f8   0x00000002   Code   RO          580    i.USBD_static_free  usbd_conf.o
    0x080045fa   0x00000002   PAD
    0x080045fc   0x0000000c   Code   RO          581    i.USBD_static_malloc  usbd_conf.o
    0x08004608   0x000003aa   Code   RO         2810    i.USB_ActivateEndpoint  stm32f1xx_ll_usb.o
    0x080049b2   0x00000008   Code   RO         2813    i.USB_CoreInit      stm32f1xx_ll_usb.o
    0x080049ba   0x00000214   Code   RO         2815    i.USB_DeactivateEndpoint  stm32f1xx_ll_usb.o
    0x08004bce   0x00000006   Code   RO         2816    i.USB_DevConnect    stm32f1xx_ll_usb.o
    0x08004bd4   0x00000006   Code   RO         2817    i.USB_DevDisconnect  stm32f1xx_ll_usb.o
    0x08004bda   0x0000001e   Code   RO         2818    i.USB_DevInit       stm32f1xx_ll_usb.o
    0x08004bf8   0x00000016   Code   RO         2819    i.USB_DisableGlobalInt  stm32f1xx_ll_usb.o
    0x08004c0e   0x00000006   Code   RO         2820    i.USB_EP0_OutStart  stm32f1xx_ll_usb.o
    0x08004c14   0x000000b4   Code   RO         2821    i.USB_EPClearStall  stm32f1xx_ll_usb.o
    0x08004cc8   0x00000086   Code   RO         2822    i.USB_EPSetStall    stm32f1xx_ll_usb.o
    0x08004d4e   0x00000332   Code   RO         2823    i.USB_EPStartXfer   stm32f1xx_ll_usb.o
    0x08005080   0x00000016   Code   RO         2824    i.USB_EnableGlobalInt  stm32f1xx_ll_usb.o
    0x08005096   0x00000002   PAD
    0x08005098   0x00000010   Code   RO          242    i.USB_LP_CAN1_RX0_IRQHandler  stm32f1xx_it.o
    0x080050a8   0x0000000a   Code   RO         2831    i.USB_ReadInterrupts  stm32f1xx_ll_usb.o
    0x080050b2   0x00000028   Code   RO         2832    i.USB_ReadPMA       stm32f1xx_ll_usb.o
    0x080050da   0x00000006   Code   RO         2834    i.USB_SetCurrentMode  stm32f1xx_ll_usb.o
    0x080050e0   0x0000000e   Code   RO         2835    i.USB_SetDevAddress  stm32f1xx_ll_usb.o
    0x080050ee   0x00000002   PAD
    0x080050f0   0x000000b4   Code   RO           15    i.USB_Write         main.o
    0x080051a4   0x00000042   Code   RO         2837    i.USB_WritePMA      stm32f1xx_ll_usb.o
    0x080051e6   0x00000004   Code   RO           16    i._Error_Handler    main.o
    0x080051ea   0x00000002   PAD
    0x080051ec   0x00000020   Code   RO         4367    i.__0printf$8       mc_w.l(printf8.o)
    0x0800520c   0x0000000e   Code   RO         4483    i.__scatterload_copy  mc_w.l(handlers.o)
    0x0800521a   0x00000002   Code   RO         4484    i.__scatterload_null  mc_w.l(handlers.o)
    0x0800521c   0x0000000e   Code   RO         4485    i.__scatterload_zeroinit  mc_w.l(handlers.o)
    0x0800522a   0x0000000e   Code   RO         4468    i._is_digit         mc_w.l(scanf_fp.o)
    0x08005238   0x00000410   Code   RO         4374    i._printf_core      mc_w.l(printf8.o)
    0x08005648   0x00000024   Code   RO         4375    i._printf_post_padding  mc_w.l(printf8.o)
    0x0800566c   0x0000002e   Code   RO         4376    i._printf_pre_padding  mc_w.l(printf8.o)
    0x0800569a   0x00000002   PAD
    0x0800569c   0x00000020   Code   RO          427    i.fputc             printf.o
    0x080056bc   0x00000040   Code   RO           20    i.getScancode       main.o
    0x080056fc   0x000000c0   Code   RO           21    i.main              main.o
    0x080057bc   0x00000022   Code   RO         4144    i.strtof            m_ws.l(strtof.o)
    0x080057de   0x00000018   Data   RO         3219    .constdata          system_stm32f1xx.o
    0x080057f6   0x00000040   Data   RO         4477    .constdata          mc_w.l(ctype_c.o)
    0x08005836   0x00000002   PAD
    0x08005838   0x00000020   Data   RO         4481    Region$$Table       anon$$obj.o


    Execution Region RW_IRAM1 (Base: 0x20000000, Size: 0x000011d0, Max: 0x00005000, ABSOLUTE, COMPRESSED[0x00000104])

    Base Addr    Size         Type   Attr      Idx    E Section Name        Object

    0x20000000   0x00000013   Data   RW           23    .data               main.o
    0x20000013   0x00000001   PAD
    0x20000014   0x00000008   Data   RW          428    .data               printf.o
    0x2000001c   0x00000034   Data   RW          492    .data               usbd_desc.o
    0x20000050   0x00000009   Data   RW         1856    .data               stm32f1xx_hal.o
    0x20000059   0x00000003   PAD
    0x2000005c   0x00000004   Data   RW         3220    .data               system_stm32f1xx.o
    0x20000060   0x00000001   Data   RW         3801    .data               usbd_ctlreq.o
    0x20000061   0x00000003   PAD
    0x20000064   0x0000012f   Data   RW         3950    .data               usbd_hid.o
    0x20000193   0x00000001   PAD
    0x20000194   0x000004b2   Zero   RW           22    .bss                main.o
    0x20000646   0x00000002   PAD
    0x20000648   0x00000080   Zero   RW          313    .bss                usart.o
    0x200006c8   0x00000058   Zero   RW          360    .bss                spi.o
    0x20000720   0x00000200   Zero   RW          491    .bss                usbd_desc.o
    0x20000920   0x00000474   Zero   RW          582    .bss                usbd_conf.o
    0x20000d94   0x00000014   Zero   RW          761    .bss                rtc.o
    0x20000da8   0x00000224   Zero   RW          801    .bss                usb_device.o
    0x20000fcc   0x00000004   PAD
    0x20000fd0   0x00000200   Zero   RW            1    STACK               startup_stm32f103xb.o


==============================================================================

Image component sizes


      Code (inc. data)   RO Data    RW Data    ZI Data      Debug   Object Name

       192         14          0          0          0        947   gpio.o
       712        114          0         19       1202     444628   main.o
        32          6          0          8          0       2434   printf.o
       192         32          0          0         20       1507   rtc.o
       184         36          0          0         88       1613   spi.o
        36          8        236          0        512        816   startup_stm32f103xb.o
       192         36          0          9          0       3917   stm32f1xx_hal.o
       348         22          0          0          0      27957   stm32f1xx_hal_cortex.o
       176          4          0          0          0       1115   stm32f1xx_hal_dma.o
       808         32          0          0          0       2692   stm32f1xx_hal_gpio.o
       140          8          0          0          0        922   stm32f1xx_hal_msp.o
      2428          0          0          0          0       9493   stm32f1xx_hal_pcd.o
        62          0          0          0          0       1198   stm32f1xx_hal_pcd_ex.o
      1772        108          0          0          0       6040   stm32f1xx_hal_rcc.o
       592         48          0          0          0       2445   stm32f1xx_hal_rcc_ex.o
      1178         18          0          0          0       9212   stm32f1xx_hal_rtc.o
        48         10          0          0          0       1807   stm32f1xx_hal_rtc_ex.o
       134          0          0          0          0       1083   stm32f1xx_hal_spi_ex.o
      1694         12          0          0          0       9631   stm32f1xx_hal_uart.o
        60         18          0          0          0       1879   stm32f1xx_it.o
      2838          0          0          0          0      13727   stm32f1xx_ll_usb.o
        88         18         24          4          0       1199   system_stm32f1xx.o
       368         72          0          0        128       2239   usart.o
        40         12          0          0        548        716   usb_device.o
      1070         50          0          0       1140      13641   usbd_conf.o
       748          0          0          0          0       9959   usbd_core.o
      1584         30          0          1          0      10600   usbd_ctlreq.o
       304        128          0         52        512       5291   usbd_desc.o
       406         20          0        303          0       6817   usbd_hid.o
       134          0          0          0          0       3888   usbd_ioreq.o

    ----------------------------------------------------------------------
     18584        856        292        404       4156     599413   Object Totals
         0          0         32          0          0          0   (incl. Generated)
        24          0          0          8          6          0   (incl. Padding)

    ----------------------------------------------------------------------

      Code (inc. data)   RO Data    RW Data    ZI Data      Debug   Library Member Name

        34          0          0          0          0         84   strtof.o
        86          0          0          0          0          0   __dczerorl2.o
        64          0          0          0          0         84   _sgetc.o
        40          6         64          0          0         68   ctype_c.o
         0          0          0          0          0          0   entry.o
         0          0          0          0          0          0   entry10a.o
         0          0          0          0          0          0   entry11a.o
         8          4          0          0          0          0   entry2.o
         4          0          0          0          0          0   entry5.o
         0          0          0          0          0          0   entry7b.o
         0          0          0          0          0          0   entry8b.o
         8          4          0          0          0          0   entry9a.o
        30          0          0          0          0          0   handlers.o
        36          8          0          0          0         68   init.o
        10          0          0          0          0         68   isspace_c.o
         0          0          0          0          0          0   iusefp.o
        30          0          0          0          0         68   llshl.o
        32          0          0          0          0         68   llushr.o
        36          0          0          0          0         68   memcpya.o
      1154         54          0          0          0        352   printf8.o
       838         12          0          0          0        216   scanf_fp.o
        36          0          0          0          0         80   strstr.o
       156         14          0          0          0        120   strtod.o
        98          0          0          0          0         92   uldiv.o
        56          0          0          0          0         88   d2f.o
       222          0          0          0          0        100   ddiv.o
       186          0          0          0          0        176   depilogue.o
        24          0          0          0          0         76   dfltul.o
       228          0          0          0          0         96   dmul.o
       110          0          0          0          0        168   fepilogue.o
        40          0          0          0          0         68   ffixui.o
       100          0          0          0          0         76   fmul.o

    ----------------------------------------------------------------------
      3674        102         66          0          0       2284   Library Totals
         8          0          2          0          0          0   (incl. Padding)

    ----------------------------------------------------------------------

      Code (inc. data)   RO Data    RW Data    ZI Data      Debug   Library Name

        34          0          0          0          0         84   m_ws.l
      2666        102         64          0          0       1352   mc_w.l
       966          0          0          0          0        848   mf_w.l

    ----------------------------------------------------------------------
      3674        102         66          0          0       2284   Library Totals

    ----------------------------------------------------------------------

==============================================================================


      Code (inc. data)   RO Data    RW Data    ZI Data      Debug   

     22258        958        358        404       4156     591945   Grand Totals
     22258        958        358        260       4156     591945   ELF Image Totals (compressed)
     22258        958        358        260          0          0   ROM Totals

==============================================================================

    Total RO  Size (Code + RO Data)                22616 (  22.09kB)
    Total RW  Size (RW Data + ZI Data)              4560 (   4.45kB)
    Total ROM Size (Code + RO Data + RW Data)      22876 (  22.34kB)

==============================================================================

