<html>
<body>
<pre>
<h1>µVision Build Log</h1>
<h2>Tool Versions:</h2>
IDE-Version: µVision V5.20.0.39
Copyright (C) 2016 ARM Ltd and ARM Germany GmbH. All rights reserved.
License Information: a HTTU, home, LIC=KIVPC-79QQW-JPGZQ-NAD30-U8XHT-5VF39
 
Tool Versions:
Toolchain:       MDK-ARM Professional  Version: 5.17
Toolchain Path:  C:\Keil_v5\ARM\ARMCC\Bin
C Compiler:      Armcc.exe V5.06 update 1 (build 61)
Assembler:       Armasm.exe V5.06 update 1 (build 61)
Linker/Locator:  ArmLink.exe V5.06 update 1 (build 61)
Library Manager: ArmAr.exe V5.06 update 1 (build 61)
Hex Converter:   FromElf.exe V5.06 update 1 (build 61)
CPU DLL:         SARMCM3.DLL V5.17
Dialog DLL:      DCM.DLL V1.13.4.0
Target DLL:      STLink\ST-LINKIII-KEIL_SWO.dll V2.0.18.0
Dialog DLL:      TCM.DLL V1.14.6.0
 
<h2>Project:</h2>
F:\OneDrive - khoavanhoc.edu.vn\ARM\STM32_Code\stm103_spi_sd_card\MDK-ARM\stm103_spi_sd_card.uvprojx
Project File Date:  04/13/2018

<h2>Output:</h2>
*** Using Compiler 'V5.06 update 1 (build 61)', folder: 'C:\Keil_v5\ARM\ARMCC\Bin'
Build target 'stm103_spi_sd_card'
compiling main.c...
../Src/main.c(86): warning:  #1295-D: Deprecated declaration create_files_list - give arg types
  void create_files_list();
../Src/main.c(111): warning:  #177-D: variable "i" was declared but never referenced
  	uint8_t i=0,Ngan,Tram,Chuc,Donvi;
../Src/main.c(194): warning:  #550-D: variable "i" was set but never used
    int i;
../Src/main.c(195): warning:  #550-D: variable "fn" was set but never used
    char *fn;   /* This function assumes non-Unicode configuration */
../Src/main.c: 4 warnings, 0 errors
linking...
Program Size: Code=22258 RO-data=358 RW-data=404 ZI-data=4156  
"stm103_spi_sd_card\stm103_spi_sd_card.axf" - 0 Error(s), 4 Warning(s).

<h2>Software Packages used:</h2>

Package Vendor: ARM
                http://www.keil.com/pack/ARM.CMSIS.5.0.1.pack
                ARM::CMSIS:CORE:5.0.1
                CMSIS (Cortex Microcontroller Software Interface Standard)
   * Component: CORE Version: 5.0.1

<h2>Collection of Component include folders:</h2>
  F:\OneDrive - khoavanhoc.edu.vn\ARM\STM32_Code\stm103_spi_sd_card\MDK-ARM\RTE
  C:\Keil_v5\ARM\PACK\ARM\CMSIS\5.0.1\CMSIS\Include
  C:\Keil_v5\ARM\PACK\Keil\STM32F1xx_DFP\2.1.0\Device\Include

<h2>Collection of Component Files used:</h2>

   * Component: ARM::CMSIS:CORE:5.0.1
Build Time Elapsed:  00:00:07
</pre>
</body>
</html>
